Archive member included because of file (symbol)

../../../Core/ArduinoCoreLib/Debug\libArduinoCoreLib.a(HardwareSerial.o)
                              MPU6050Calibrate.o (Serial)
../../../Core/ArduinoCoreLib/Debug\libArduinoCoreLib.a(new.o)
                              Wire.o (__cxa_pure_virtual)
../../../Core/ArduinoCoreLib/Debug\libArduinoCoreLib.a(Print.o)
                              Wire.o (_ZN5Print5writeEPKhj)
../../../Core/ArduinoCoreLib/Debug\libArduinoCoreLib.a(wiring.o)
                              I2Cdev.o (millis)
../../../Core/ArduinoCoreLib/Debug\libArduinoCoreLib.a(wiring_digital.o)
                              twi.o (digitalWrite)
../../../Core/ArduinoCoreLib/Debug\libArduinoCoreLib.a(WString.o)
                              ../../../Core/ArduinoCoreLib/Debug\libArduinoCoreLib.a(Print.o) (_ZNK6StringixEj)
c:/program files (x86)/atmel/atmel toolchain/avr8 gcc/native/3.4.1056/avr8-gnu-toolchain/bin/../lib/gcc/avr/4.8.1/../../../../avr/lib/avr5\libm.a(addsf3.o)
                              ../../../Core/ArduinoCoreLib/Debug\libArduinoCoreLib.a(Print.o) (__subsf3)
c:/program files (x86)/atmel/atmel toolchain/avr8 gcc/native/3.4.1056/avr8-gnu-toolchain/bin/../lib/gcc/avr/4.8.1/../../../../avr/lib/avr5\libm.a(addsf3x.o)
                              c:/program files (x86)/atmel/atmel toolchain/avr8 gcc/native/3.4.1056/avr8-gnu-toolchain/bin/../lib/gcc/avr/4.8.1/../../../../avr/lib/avr5\libm.a(addsf3.o) (__addsf3x)
c:/program files (x86)/atmel/atmel toolchain/avr8 gcc/native/3.4.1056/avr8-gnu-toolchain/bin/../lib/gcc/avr/4.8.1/../../../../avr/lib/avr5\libm.a(cmpsf2.o)
                              ../../../Core/ArduinoCoreLib/Debug\libArduinoCoreLib.a(Print.o) (__ltsf2)
c:/program files (x86)/atmel/atmel toolchain/avr8 gcc/native/3.4.1056/avr8-gnu-toolchain/bin/../lib/gcc/avr/4.8.1/../../../../avr/lib/avr5\libm.a(divsf3.o)
                              ../../../Core/ArduinoCoreLib/Debug\libArduinoCoreLib.a(Print.o) (__divsf3)
c:/program files (x86)/atmel/atmel toolchain/avr8 gcc/native/3.4.1056/avr8-gnu-toolchain/bin/../lib/gcc/avr/4.8.1/../../../../avr/lib/avr5\libm.a(divsf3x.o)
                              c:/program files (x86)/atmel/atmel toolchain/avr8 gcc/native/3.4.1056/avr8-gnu-toolchain/bin/../lib/gcc/avr/4.8.1/../../../../avr/lib/avr5\libm.a(divsf3.o) (__divsf3x)
c:/program files (x86)/atmel/atmel toolchain/avr8 gcc/native/3.4.1056/avr8-gnu-toolchain/bin/../lib/gcc/avr/4.8.1/../../../../avr/lib/avr5\libm.a(fixsfsi.o)
                              ../../../Core/ArduinoCoreLib/Debug\libArduinoCoreLib.a(Print.o) (__fixsfsi)
c:/program files (x86)/atmel/atmel toolchain/avr8 gcc/native/3.4.1056/avr8-gnu-toolchain/bin/../lib/gcc/avr/4.8.1/../../../../avr/lib/avr5\libm.a(fixunssfsi.o)
                              ../../../Core/ArduinoCoreLib/Debug\libArduinoCoreLib.a(Print.o) (__fixunssfsi)
c:/program files (x86)/atmel/atmel toolchain/avr8 gcc/native/3.4.1056/avr8-gnu-toolchain/bin/../lib/gcc/avr/4.8.1/../../../../avr/lib/avr5\libm.a(floatsisf.o)
                              ../../../Core/ArduinoCoreLib/Debug\libArduinoCoreLib.a(Print.o) (__floatunsisf)
c:/program files (x86)/atmel/atmel toolchain/avr8 gcc/native/3.4.1056/avr8-gnu-toolchain/bin/../lib/gcc/avr/4.8.1/../../../../avr/lib/avr5\libm.a(fp_cmp.o)
                              c:/program files (x86)/atmel/atmel toolchain/avr8 gcc/native/3.4.1056/avr8-gnu-toolchain/bin/../lib/gcc/avr/4.8.1/../../../../avr/lib/avr5\libm.a(cmpsf2.o) (__fp_cmp)
c:/program files (x86)/atmel/atmel toolchain/avr8 gcc/native/3.4.1056/avr8-gnu-toolchain/bin/../lib/gcc/avr/4.8.1/../../../../avr/lib/avr5\libm.a(fp_inf.o)
                              c:/program files (x86)/atmel/atmel toolchain/avr8 gcc/native/3.4.1056/avr8-gnu-toolchain/bin/../lib/gcc/avr/4.8.1/../../../../avr/lib/avr5\libm.a(addsf3x.o) (__fp_inf)
c:/program files (x86)/atmel/atmel toolchain/avr8 gcc/native/3.4.1056/avr8-gnu-toolchain/bin/../lib/gcc/avr/4.8.1/../../../../avr/lib/avr5\libm.a(fp_nan.o)
                              c:/program files (x86)/atmel/atmel toolchain/avr8 gcc/native/3.4.1056/avr8-gnu-toolchain/bin/../lib/gcc/avr/4.8.1/../../../../avr/lib/avr5\libm.a(addsf3x.o) (__fp_nan)
c:/program files (x86)/atmel/atmel toolchain/avr8 gcc/native/3.4.1056/avr8-gnu-toolchain/bin/../lib/gcc/avr/4.8.1/../../../../avr/lib/avr5\libm.a(fp_pscA.o)
                              c:/program files (x86)/atmel/atmel toolchain/avr8 gcc/native/3.4.1056/avr8-gnu-toolchain/bin/../lib/gcc/avr/4.8.1/../../../../avr/lib/avr5\libm.a(addsf3x.o) (__fp_pscA)
c:/program files (x86)/atmel/atmel toolchain/avr8 gcc/native/3.4.1056/avr8-gnu-toolchain/bin/../lib/gcc/avr/4.8.1/../../../../avr/lib/avr5\libm.a(fp_pscB.o)
                              c:/program files (x86)/atmel/atmel toolchain/avr8 gcc/native/3.4.1056/avr8-gnu-toolchain/bin/../lib/gcc/avr/4.8.1/../../../../avr/lib/avr5\libm.a(addsf3x.o) (__fp_pscB)
[...]
Memory Configuration

Name             Origin             Length             Attributes
text             0x00000000         0x00020000         xr
data             0x00800060         0x0000ffa0         rw !x
eeprom           0x00810000         0x00010000         rw !x
fuse             0x00820000         0x00000400         rw !x
lock             0x00830000         0x00000400         rw !x
signature        0x00840000         0x00000400         rw !x
user_signatures  0x00850000         0x00000400         rw !x
*default*        0x00000000         0xffffffff

Linker script and memory map

Address of section .data set to 0x800100
LOAD c:/program files (x86)/atmel/atmel toolchain/avr8 gcc/native/3.4.1056/avr8-gnu-toolchain/bin/../lib/gcc/avr/4.8.1/../../../../avr/lib/avr5/crtm328p.o
LOAD MPU6050.o
LOAD I2Cdev.o
LOAD Wire.o
LOAD twi.o
LOAD MPU6050Calibrate.o
START GROUP
LOAD c:/program files (x86)/atmel/atmel toolchain/avr8 gcc/native/3.4.1056/avr8-gnu-toolchain/bin/../lib/gcc/avr/4.8.1/../../../../avr/lib/avr5\libm.a
LOAD ../../../Core/ArduinoCoreLib/Debug\libArduinoCoreLib.a
END GROUP
LOAD c:/program files (x86)/atmel/atmel toolchain/avr8 gcc/native/3.4.1056/avr8-gnu-toolchain/bin/../lib/gcc/avr/4.8.1/avr5\libgcc.a
LOAD c:/program files (x86)/atmel/atmel toolchain/avr8 gcc/native/3.4.1056/avr8-gnu-toolchain/bin/../lib/gcc/avr/4.8.1/../../../../avr/lib/avr5\libm.a
START GROUP
LOAD c:/program files (x86)/atmel/atmel toolchain/avr8 gcc/native/3.4.1056/avr8-gnu-toolchain/bin/../lib/gcc/avr/4.8.1/avr5\libgcc.a
LOAD c:/program files (x86)/atmel/atmel toolchain/avr8 gcc/native/3.4.1056/avr8-gnu-toolchain/bin/../lib/gcc/avr/4.8.1/../../../../avr/lib/avr5\libm.a
LOAD c:/program files (x86)/atmel/atmel toolchain/avr8 gcc/native/3.4.1056/avr8-gnu-toolchain/bin/../lib/gcc/avr/4.8.1/../../../../avr/lib/avr5\libc.a
END GROUP

.hash
 *(.hash)

.dynsym
 *(.dynsym)

.dynstr
 *(.dynstr)

.gnu.version
 *(.gnu.version)

.gnu.version_d
 *(.gnu.version_d)

.gnu.version_r
 *(.gnu.version_r)

.rel.init
 *(.rel.init)

.rela.init
 *(.rela.init)

.rel.text
 *(.rel.text)
 *(.rel.text.*)
 *(.rel.gnu.linkonce.t*)

.rela.text
 *(.rela.text)
 *(.rela.text.*)
 *(.rela.gnu.linkonce.t*)

.rel.fini
 *(.rel.fini)

.rela.fini
 *(.rela.fini)

.rel.rodata
 *(.rel.rodata)
 *(.rel.rodata.*)
 *(.rel.gnu.linkonce.r*)

.rela.rodata
 *(.rela.rodata)
 *(.rela.rodata.*)
 *(.rela.gnu.linkonce.r*)

.rel.data
 *(.rel.data)
 *(.rel.data.*)
 *(.rel.gnu.linkonce.d*)

.rela.data
 *(.rela.data)
 *(.rela.data.*)
 *(.rela.gnu.linkonce.d*)

.rel.ctors
 *(.rel.ctors)

.rela.ctors
 *(.rela.ctors)

.rel.dtors
 *(.rel.dtors)

.rela.dtors
 *(.rela.dtors)

.rel.got
 *(.rel.got)

.rela.got
 *(.rela.got)

.rel.bss
 *(.rel.bss)

.rela.bss
 *(.rela.bss)

.rel.plt
 *(.rel.plt)

.rela.plt
 *(.rela.plt)

.text           0x00000000     0x31a6
 *(.vectors)
 .vectors       0x00000000       0x68 c:/program files (x86)/atmel/atmel toolchain/avr8 gcc/native/3.4.1056/avr8-gnu-toolchain/bin/../lib/gcc/avr/4.8.1/../../../../avr/lib/avr5/crtm328p.o
                0x00000000                __vector_default
                0x00000000                __vectors
 *(.vectors)
 *(.progmem.gcc*)
 .progmem.gcc_sw_table.__vector_24
                0x00000068      0x192 twi.o
                0x000001fa                . = ALIGN (0x2)
                0x000001fa                __trampolines_start = .
 *(.trampolines)
 .trampolines   0x000001fa        0x0 linker stubs
 *(.trampolines*)
                0x000001fa                __trampolines_end = .
 *(.progmem*)
 .progmem.data._ZZ5setupE3__c
                0x000001fa       0x25 MPU6050Calibrate.o
 .progmem.data.port_to_output_PGM
                0x0000021f        0xa ../../../Core/ArduinoCoreLib/Debug\libArduinoCoreLib.a(wiring_digital.o)
                0x0000021f                port_to_output_PGM
 .progmem.data.digital_pin_to_port_PGM
                0x00000229       0x14 ../../../Core/ArduinoCoreLib/Debug\libArduinoCoreLib.a(wiring_digital.o)
                0x00000229                digital_pin_to_port_PGM
 .progmem.data.digital_pin_to_bit_mask_PGM
                0x0000023d       0x14 ../../../Core/ArduinoCoreLib/Debug\libArduinoCoreLib.a(wiring_digital.o)
                0x0000023d                digital_pin_to_bit_mask_PGM
 .progmem.data.digital_pin_to_timer_PGM
                0x00000251       0x14 ../../../Core/ArduinoCoreLib/Debug\libArduinoCoreLib.a(wiring_digital.o)
                0x00000251                digital_pin_to_timer_PGM
                0x00000266                . = ALIGN (0x2)
 *fill*         0x00000265        0x1 
 *(.jumptables)
 *(.jumptables*)
 *(.lowtext)
 *(.lowtext*)
                0x00000266                __ctors_start = .
 *(.ctors)
 .ctors         0x00000266        0x2 Wire.o
 .ctors         0x00000268        0x2 MPU6050Calibrate.o
 .ctors         0x0000026a        0x2 ../../../Core/ArduinoCoreLib/Debug\libArduinoCoreLib.a(HardwareSerial.o)
                0x0000026c                __ctors_end = .
                0x0000026c                __dtors_start = .
 *(.dtors)
                0x0000026c                __dtors_end = .
 SORT(*)(.ctors)
 SORT(*)(.dtors)
 *(.init0)
 .init0         0x0000026c        0x0 c:/program files (x86)/atmel/atmel toolchain/avr8 gcc/native/3.4.1056/avr8-gnu-toolchain/bin/../lib/gcc/avr/4.8.1/../../../../avr/lib/avr5/crtm328p.o
                0x0000026c                __init
 *(.init0)
 *(.init1)
 *(.init1)
 *(.init2)
 .init2         0x0000026c        0xc c:/program files (x86)/atmel/atmel toolchain/avr8 gcc/native/3.4.1056/avr8-gnu-toolchain/bin/../lib/gcc/avr/4.8.1/../../../../avr/lib/avr5/crtm328p.o
 *(.init2)
 *(.init3)
 *(.init3)
 *(.init4)
 .init4         0x00000278       0x16 c:/program files (x86)/atmel/atmel toolchain/avr8 gcc/native/3.4.1056/avr8-gnu-toolchain/bin/../lib/gcc/avr/4.8.1/avr5\libgcc.a(_copy_data.o)
                0x00000278                __do_copy_data
 .init4         0x0000028e       0x10 c:/program files (x86)/atmel/atmel toolchain/avr8 gcc/native/3.4.1056/avr8-gnu-toolchain/bin/../lib/gcc/avr/4.8.1/avr5\libgcc.a(_clear_bss.o)
                0x0000028e                __do_clear_bss
 *(.init4)
 *(.init5)
 *(.init5)
 *(.init6)
 .init6         0x0000029e       0x16 c:/program files (x86)/atmel/atmel toolchain/avr8 gcc/native/3.4.1056/avr8-gnu-toolchain/bin/../lib/gcc/avr/4.8.1/avr5\libgcc.a(_ctors.o)
                0x0000029e                __do_global_ctors
 *(.init6)
 *(.init7)
 *(.init7)
 *(.init8)
 *(.init8)
 *(.init9)
 .init9         0x000002b4        0x8 c:/program files (x86)/atmel/atmel toolchain/avr8 gcc/native/3.4.1056/avr8-gnu-toolchain/bin/../lib/gcc/avr/4.8.1/../../../../avr/lib/avr5/crtm328p.o
 *(.init9)
 *(.text)
 .text          0x000002bc        0x4 c:/program files (x86)/atmel/atmel toolchain/avr8 gcc/native/3.4.1056/avr8-gnu-toolchain/bin/../lib/gcc/avr/4.8.1/../../../../avr/lib/avr5/crtm328p.o
                0x000002bc                __vector_22
                0x000002bc                __vector_1
                0x000002bc                __vector_12
                0x000002bc                __bad_interrupt
                0x000002bc                __vector_6
                0x000002bc                __vector_3
                0x000002bc                __vector_23
                0x000002bc                __vector_25
                0x000002bc                __vector_11
                0x000002bc                __vector_13
                0x000002bc                __vector_17
                0x000002bc                __vector_7
                0x000002bc                __vector_5
                0x000002bc                __vector_4
                0x000002bc                __vector_9
                0x000002bc                __vector_2
                0x000002bc                __vector_21
                0x000002bc                __vector_15
                0x000002bc                __vector_8
                0x000002bc                __vector_14
                0x000002bc                __vector_10
                0x000002bc                __vector_20
                0x000002c0                . = ALIGN (0x2)
 *(.text.*)
 .text._ZN7MPU6050C2Eh
                0x000002c0        0x6 MPU6050.o
                0x000002c0                _ZN7MPU6050C1Eh
                0x000002c0                _ZN7MPU6050C2Eh
 .text._ZN7MPU605021setFullScaleGyroRangeEh
                0x000002c6       0x16 MPU6050.o
                0x000002c6                _ZN7MPU605021setFullScaleGyroRangeEh
 .text._ZN7MPU605022setFullScaleAccelRangeEh
                0x000002dc       0x16 MPU6050.o
                0x000002dc                _ZN7MPU605022setFullScaleAccelRangeEh
 .text._ZN7MPU605010getMotion6EPiS0_S0_S0_S0_S0_
                0x000002f2       0xd0 MPU6050.o
                0x000002f2                _ZN7MPU605010getMotion6EPiS0_S0_S0_S0_S0_
 .text._ZN7MPU605015setSleepEnabledEb
                0x000003c2       0x10 MPU6050.o
                0x000003c2                _ZN7MPU605015setSleepEnabledEb
 .text._ZN7MPU605014setClockSourceEh
                0x000003d2       0x16 MPU6050.o
                0x000003d2                _ZN7MPU605014setClockSourceEh
 .text._ZN7MPU605010initializeEv
                0x000003e8       0x2a MPU6050.o
                0x000003e8                _ZN7MPU605010initializeEv
 .text._ZN7MPU605011getDeviceIDEv
                0x00000412       0x38 MPU6050.o
                0x00000412                _ZN7MPU605011getDeviceIDEv
 .text._ZN7MPU605014testConnectionEv
                0x0000044a       0x10 MPU6050.o
                0x0000044a                _ZN7MPU605014testConnectionEv
 .text._ZN7MPU605015getXAccelOffsetEv
                0x0000045a       0x38 MPU6050.o
                0x0000045a                _ZN7MPU605015getXAccelOffsetEv
 .text._ZN7MPU605015setXAccelOffsetEi
                0x00000492        0xe MPU6050.o
                0x00000492                _ZN7MPU605015setXAccelOffsetEi
 .text._ZN7MPU605015getYAccelOffsetEv
                0x000004a0       0x38 MPU6050.o
                0x000004a0                _ZN7MPU605015getYAccelOffsetEv
 .text._ZN7MPU605015setYAccelOffsetEi
                0x000004d8        0xe MPU6050.o
                0x000004d8                _ZN7MPU605015setYAccelOffsetEi
 .text._ZN7MPU605015getZAccelOffsetEv
                0x000004e6       0x38 MPU6050.o
                0x000004e6                _ZN7MPU605015getZAccelOffsetEv
 .text._ZN7MPU605015setZAccelOffsetEi
                0x0000051e        0xe MPU6050.o
                0x0000051e                _ZN7MPU605015setZAccelOffsetEi
 .text._ZN7MPU605014getXGyroOffsetEv
                0x0000052c       0x38 MPU6050.o
                0x0000052c                _ZN7MPU605014getXGyroOffsetEv
 .text._ZN7MPU605014setXGyroOffsetEi
                0x00000564        0xe MPU6050.o
                0x00000564                _ZN7MPU605014setXGyroOffsetEi
 .text._ZN7MPU605014getYGyroOffsetEv
                0x00000572       0x38 MPU6050.o
                0x00000572                _ZN7MPU605014getYGyroOffsetEv
 .text._ZN7MPU605014setYGyroOffsetEi
                0x000005aa        0xe MPU6050.o
                0x000005aa                _ZN7MPU605014setYGyroOffsetEi
 .text._ZN7MPU605014getZGyroOffsetEv
                0x000005b8       0x38 MPU6050.o
                0x000005b8                _ZN7MPU605014getZGyroOffsetEv
 .text._ZN7MPU605014setZGyroOffsetEi
                0x000005f0        0xe MPU6050.o
                0x000005f0                _ZN7MPU605014setZGyroOffsetEi
 .text._ZN6I2Cdev10writeBytesEhhhPh
                0x000005fe       0x5c I2Cdev.o
                0x000005fe                _ZN6I2Cdev10writeBytesEhhhPh
 .text._ZN6I2Cdev9writeByteEhhh
                0x0000065a       0x20 I2Cdev.o
                0x0000065a                _ZN6I2Cdev9writeByteEhhh
 .text._ZN6I2Cdev10writeWordsEhhhPj
                0x0000067a       0x8a I2Cdev.o
                0x0000067a                _ZN6I2Cdev10writeWordsEhhhPj
 .text._ZN6I2Cdev9writeWordEhhj
                0x00000704       0x24 I2Cdev.o
                0x00000704                _ZN6I2Cdev9writeWordEhhj
 .text._ZN6I2Cdev9readBytesEhhhPhj
                0x00000728      0x170 I2Cdev.o
                0x00000728                _ZN6I2Cdev9readBytesEhhhPhj
 .text._ZN6I2Cdev8readByteEhhPhj
                0x00000898       0x14 I2Cdev.o
                0x00000898                _ZN6I2Cdev8readByteEhhPhj
 .text._ZN6I2Cdev8readBitsEhhhhPhj
                0x000008ac       0x80 I2Cdev.o
                0x000008ac                _ZN6I2Cdev8readBitsEhhhhPhj
 .text._ZN6I2Cdev8writeBitEhhhh
                0x0000092c       0x76 I2Cdev.o
                0x0000092c                _ZN6I2Cdev8writeBitEhhhh
 .text._ZN6I2Cdev9writeBitsEhhhhh
                0x000009a2       0x9c I2Cdev.o
                0x000009a2                _ZN6I2Cdev9writeBitsEhhhhh
 .text._ZN7TwoWire9availableEv
                0x00000a3e       0x10 Wire.o
                0x00000a3e                _ZN7TwoWire9availableEv
 .text._ZN7TwoWire4readEv
                0x00000a4e       0x26 Wire.o
                0x00000a4e                _ZN7TwoWire4readEv
 .text._ZN7TwoWire4peekEv
                0x00000a74       0x1e Wire.o
                0x00000a74                _ZN7TwoWire4peekEv
 .text._ZN7TwoWire5flushEv
                0x00000a92        0x2 Wire.o
                0x00000a92                _ZN7TwoWire5flushEv
 .text._ZN7TwoWire5writeEPKhj
                0x00000a94       0x60 Wire.o
                0x00000a94                _ZN7TwoWire5writeEPKhj
 .text._ZN7TwoWire5writeEh
                0x00000af4       0x62 Wire.o
                0x00000af4                _ZN7TwoWire5writeEh
 .text._ZN7TwoWireC2Ev
                0x00000b56       0x20 Wire.o
                0x00000b56                _ZN7TwoWireC1Ev
                0x00000b56                _ZN7TwoWireC2Ev
 .text._ZN7TwoWire5beginEv
                0x00000b76       0x16 Wire.o
                0x00000b76                _ZN7TwoWire5beginEv
 .text._ZN7TwoWire11requestFromEhhh
                0x00000b8c       0x1a Wire.o
                0x00000b8c                _ZN7TwoWire11requestFromEhhh
 .text._ZN7TwoWire11requestFromEhh
                0x00000ba6        0x8 Wire.o
                0x00000ba6                _ZN7TwoWire11requestFromEhh
 .text._ZN7TwoWire17beginTransmissionEh
                0x00000bae       0x14 Wire.o
                0x00000bae                _ZN7TwoWire17beginTransmissionEh
 .text._ZN7TwoWire15endTransmissionEh
                0x00000bc2       0x26 Wire.o
                0x00000bc2                _ZN7TwoWire15endTransmissionEh
 .text._ZN7TwoWire15endTransmissionEv
                0x00000be8        0x8 Wire.o
                0x00000be8                _ZN7TwoWire15endTransmissionEv
 .text._GLOBAL__sub_I__ZN7TwoWire8rxBufferE
                0x00000bf0        0xa Wire.o
 .text.twi_init
                0x00000bfa       0x3c twi.o
                0x00000bfa                twi_init
 .text.twi_readFrom
                0x00000c36       0x9c twi.o
                0x00000c36                twi_readFrom
 .text.twi_writeTo
                0x00000cd2       0xba twi.o
                0x00000cd2                twi_writeTo
 .text.twi_transmit
                0x00000d8c       0x3e twi.o
                0x00000d8c                twi_transmit
 .text.twi_stop
                0x00000dca       0x16 twi.o
                0x00000dca                twi_stop
 .text.twi_releaseBus
                0x00000de0        0xc twi.o
                0x00000de0                twi_releaseBus
 .text.__vector_24
                0x00000dec      0x242 twi.o
                0x00000dec                __vector_24
 .text._Z11meansensorsv
                0x0000102e      0x308 MPU6050Calibrate.o
                0x0000102e                _Z11meansensorsv
 .text._Z16PrintCurrentMeanv
                0x00001336       0xce MPU6050Calibrate.o
                0x00001336                _Z16PrintCurrentMeanv
 .text._Z19PrintCurrentOffsetsv
                0x00001404      0x1d6 MPU6050Calibrate.o
                0x00001404                _Z19PrintCurrentOffsetsv
 .text._Z11calibrationv
                0x000015da      0x312 MPU6050Calibrate.o
                0x000015da                _Z11calibrationv
 .text.loop     0x000018ec      0x23a MPU6050Calibrate.o
                0x000018ec                loop
 .text._GLOBAL__sub_I_buffersize
                0x00001b26        0xc MPU6050Calibrate.o
 .text.setup    0x00001b32      0x120 MPU6050Calibrate.o
                0x00001b32                setup
 .text.main     0x00001c52       0x24 MPU6050Calibrate.o
                0x00001c52                main
 .text._ZN5PrintC2Ev
                0x00001c76       0x30 ../../../Core/ArduinoCoreLib/Debug\libArduinoCoreLib.a(HardwareSerial.o)
                0x00001c76                _ZN5PrintC2Ev
                0x00001c76                _ZN5PrintC1Ev
 .text._ZN6StreamC2Ev
                0x00001ca6       0x44 ../../../Core/ArduinoCoreLib/Debug\libArduinoCoreLib.a(HardwareSerial.o)
                0x00001ca6                _ZN6StreamC1Ev
                0x00001ca6                _ZN6StreamC2Ev
 .text._Z10store_charhP11ring_buffer
                0x00001cea       0x8a ../../../Core/ArduinoCoreLib/Debug\libArduinoCoreLib.a(HardwareSerial.o)
                0x00001cea                _Z10store_charhP11ring_buffer
 .text._Z11serialEventv
                0x00001d74        0xe ../../../Core/ArduinoCoreLib/Debug\libArduinoCoreLib.a(HardwareSerial.o)
                0x00001d74                _Z11serialEventv
 .text.__vector_18
                0x00001d82       0x96 ../../../Core/ArduinoCoreLib/Debug\libArduinoCoreLib.a(HardwareSerial.o)
                0x00001d82                __vector_18
 .text._Z14serialEventRunv
                0x00001e18       0x26 ../../../Core/ArduinoCoreLib/Debug\libArduinoCoreLib.a(HardwareSerial.o)
                0x00001e18                _Z14serialEventRunv
 .text.__vector_19
                0x00001e3e       0xa8 ../../../Core/ArduinoCoreLib/Debug\libArduinoCoreLib.a(HardwareSerial.o)
                0x00001e3e                __vector_19
 .text._ZN14HardwareSerialC2EP11ring_bufferS1_PVhS3_S3_S3_S3_S3_hhhhh
                0x00001ee6      0x12a ../../../Core/ArduinoCoreLib/Debug\libArduinoCoreLib.a(HardwareSerial.o)
                0x00001ee6                _ZN14HardwareSerialC2EP11ring_bufferS1_PVhS3_S3_S3_S3_S3_hhhhh
                0x00001ee6                _ZN14HardwareSerialC1EP11ring_bufferS1_PVhS3_S3_S3_S3_S3_hhhhh
 .text._ZN14HardwareSerial5beginEm
                0x00002010      0x216 ../../../Core/ArduinoCoreLib/Debug\libArduinoCoreLib.a(HardwareSerial.o)
                0x00002010                _ZN14HardwareSerial5beginEm
 .text._ZN14HardwareSerial9availableEv
                0x00002226       0x4c ../../../Core/ArduinoCoreLib/Debug\libArduinoCoreLib.a(HardwareSerial.o)
                0x00002226                _ZN14HardwareSerial9availableEv
 .text._ZN14HardwareSerial4peekEv
                0x00002272       0x7e ../../../Core/ArduinoCoreLib/Debug\libArduinoCoreLib.a(HardwareSerial.o)
                0x00002272                _ZN14HardwareSerial4peekEv
 .text._ZN14HardwareSerial4readEv
                0x000022f0       0xb6 ../../../Core/ArduinoCoreLib/Debug\libArduinoCoreLib.a(HardwareSerial.o)
                0x000022f0                _ZN14HardwareSerial4readEv
 .text._ZN14HardwareSerial5flushEv
                0x000023a6       0x52 ../../../Core/ArduinoCoreLib/Debug\libArduinoCoreLib.a(HardwareSerial.o)
                0x000023a6                _ZN14HardwareSerial5flushEv
 .text._ZN14HardwareSerial5writeEh
                0x000023f8      0x112 ../../../Core/ArduinoCoreLib/Debug\libArduinoCoreLib.a(HardwareSerial.o)
                0x000023f8                _ZN14HardwareSerial5writeEh
 .text._Z41__static_initialization_and_destruction_0ii
                0x0000250a       0xbe ../../../Core/ArduinoCoreLib/Debug\libArduinoCoreLib.a(HardwareSerial.o)
 .text._GLOBAL__sub_I_rx_buffer
                0x000025c8       0x1a ../../../Core/ArduinoCoreLib/Debug\libArduinoCoreLib.a(HardwareSerial.o)
 .text.__cxa_pure_virtual
                0x000025e2        0xe ../../../Core/ArduinoCoreLib/Debug\libArduinoCoreLib.a(new.o)
                0x000025e2                __cxa_pure_virtual
 .text._ZN5Print5writeEPKc
                0x000025f0       0x62 ../../../Core/ArduinoCoreLib/Debug\libArduinoCoreLib.a(Print.o)
                0x000025f0                _ZN5Print5writeEPKc
 .text._ZN5Print5writeEPKhj
                0x00002652       0x8e ../../../Core/ArduinoCoreLib/Debug\libArduinoCoreLib.a(Print.o)
                0x00002652                _ZN5Print5writeEPKhj
 .text._ZN5Print5printEPK19__FlashStringHelper
                0x000026e0       0x8e ../../../Core/ArduinoCoreLib/Debug\libArduinoCoreLib.a(Print.o)
                0x000026e0                _ZN5Print5printEPK19__FlashStringHelper
 .text._ZN5Print5printEPKc
                0x0000276e       0x30 ../../../Core/ArduinoCoreLib/Debug\libArduinoCoreLib.a(Print.o)
                0x0000276e                _ZN5Print5printEPKc
 .text._ZN5Print5printEc
                0x0000279e       0x3a ../../../Core/ArduinoCoreLib/Debug\libArduinoCoreLib.a(Print.o)
                0x0000279e                _ZN5Print5printEc
 .text._ZN5Print5printEii
                0x000027d8       0x4a ../../../Core/ArduinoCoreLib/Debug\libArduinoCoreLib.a(Print.o)
                0x000027d8                _ZN5Print5printEii
 .text._ZN5Print5printEli
                0x00002822       0xf4 ../../../Core/ArduinoCoreLib/Debug\libArduinoCoreLib.a(Print.o)
                0x00002822                _ZN5Print5printEli
 .text._ZN5Print7printlnEPK19__FlashStringHelper
                0x00002916       0x52 ../../../Core/ArduinoCoreLib/Debug\libArduinoCoreLib.a(Print.o)
                0x00002916                _ZN5Print7printlnEPK19__FlashStringHelper
 .text._ZN5Print7printlnEv
                0x00002968       0x46 ../../../Core/ArduinoCoreLib/Debug\libArduinoCoreLib.a(Print.o)
                0x00002968                _ZN5Print7printlnEv
 .text._ZN5Print7printlnEPKc
                0x000029ae       0x52 ../../../Core/ArduinoCoreLib/Debug\libArduinoCoreLib.a(Print.o)
                0x000029ae                _ZN5Print7printlnEPKc
 .text._ZN5Print7printlnEii
                0x00002a00       0x60 ../../../Core/ArduinoCoreLib/Debug\libArduinoCoreLib.a(Print.o)
                0x00002a00                _ZN5Print7printlnEii
 .text._ZN5Print11printNumberEmh
                0x00002a60       0xe8 ../../../Core/ArduinoCoreLib/Debug\libArduinoCoreLib.a(Print.o)
                0x00002a60                _ZN5Print11printNumberEmh
 .text.__vector_16
                0x00002b48       0xe4 ../../../Core/ArduinoCoreLib/Debug\libArduinoCoreLib.a(wiring.o)
                0x00002b48                __vector_16
 .text.millis   0x00002c2c       0x58 ../../../Core/ArduinoCoreLib/Debug\libArduinoCoreLib.a(wiring.o)
                0x00002c2c                millis
 .text.micros   0x00002c84       0xbe ../../../Core/ArduinoCoreLib/Debug\libArduinoCoreLib.a(wiring.o)
                0x00002c84                micros
 .text.delay    0x00002d42       0x86 ../../../Core/ArduinoCoreLib/Debug\libArduinoCoreLib.a(wiring.o)
                0x00002d42                delay
 .text.init     0x00002dc8      0x11c ../../../Core/ArduinoCoreLib/Debug\libArduinoCoreLib.a(wiring.o)
                0x00002dc8                init
 .text.turnOffPWM
                0x00002ee4       0xc0 ../../../Core/ArduinoCoreLib/Debug\libArduinoCoreLib.a(wiring_digital.o)
 .text.digitalWrite
                0x00002fa4      0x10e ../../../Core/ArduinoCoreLib/Debug\libArduinoCoreLib.a(wiring_digital.o)
                0x00002fa4                digitalWrite
 .text.libgcc.div
                0x000030b2       0x28 c:/program files (x86)/atmel/atmel toolchain/avr8 gcc/native/3.4.1056/avr8-gnu-toolchain/bin/../lib/gcc/avr/4.8.1/avr5\libgcc.a(_divmodhi4.o)
                0x000030b2                _div
                0x000030b2                __divmodhi4
 .text.libgcc.div
                0x000030da       0x44 c:/program files (x86)/atmel/atmel toolchain/avr8 gcc/native/3.4.1056/avr8-gnu-toolchain/bin/../lib/gcc/avr/4.8.1/avr5\libgcc.a(_udivmodsi4.o)
                0x000030da                __udivmodsi4
 .text.libgcc.div
                0x0000311e       0x2e c:/program files (x86)/atmel/atmel toolchain/avr8 gcc/native/3.4.1056/avr8-gnu-toolchain/bin/../lib/gcc/avr/4.8.1/avr5\libgcc.a(_divmodsi4.o)
                0x0000311e                __divmodsi4
 .text.libgcc.div
                0x0000314c       0x10 c:/program files (x86)/atmel/atmel toolchain/avr8 gcc/native/3.4.1056/avr8-gnu-toolchain/bin/../lib/gcc/avr/4.8.1/avr5\libgcc.a(_negsi2.o)
                0x0000314c                __negsi2
 .text.libgcc   0x0000315c        0xc c:/program files (x86)/atmel/atmel toolchain/avr8 gcc/native/3.4.1056/avr8-gnu-toolchain/bin/../lib/gcc/avr/4.8.1/avr5\libgcc.a(_tablejump.o)
                0x0000315c                __tablejump2__
                0x00003160                __tablejump__
 .text.libgcc.div
                0x00003168       0x28 c:/program files (x86)/atmel/atmel toolchain/avr8 gcc/native/3.4.1056/avr8-gnu-toolchain/bin/../lib/gcc/avr/4.8.1/avr5\libgcc.a(_udivmodhi4.o)
                0x00003168                __udivmodhi4
 .text.avr-libc
                0x00003190       0x12 c:/program files (x86)/atmel/atmel toolchain/avr8 gcc/native/3.4.1056/avr8-gnu-toolchain/bin/../lib/gcc/avr/4.8.1/../../../../avr/lib/avr5\libc.a(strlen.o)
                0x00003190                strlen
                0x000031a2                . = ALIGN (0x2)
 *(.fini9)
 .fini9         0x000031a2        0x0 c:/program files (x86)/atmel/atmel toolchain/avr8 gcc/native/3.4.1056/avr8-gnu-toolchain/bin/../lib/gcc/avr/4.8.1/avr5\libgcc.a(_exit.o)
                0x000031a2                _exit
                0x000031a2                exit
 *(.fini9)
 *(.fini8)
 *(.fini8)
 *(.fini7)
 *(.fini7)
 *(.fini6)
 *(.fini6)
 *(.fini5)
 *(.fini5)
 *(.fini4)
 *(.fini4)
 *(.fini3)
 *(.fini3)
 *(.fini2)
 *(.fini2)
 *(.fini1)
 *(.fini1)
 *(.fini0)
 .fini0         0x000031a2        0x4 c:/program files (x86)/atmel/atmel toolchain/avr8 gcc/native/3.4.1056/avr8-gnu-toolchain/bin/../lib/gcc/avr/4.8.1/avr5\libgcc.a(_exit.o)
 *(.fini0)
                0x000031a6                _etext = .

.data           0x00800100      0x394 load address 0x000031a6
                0x00800100                PROVIDE (__data_start, .)
 *(.data)
 .data          0x00800100        0x0 c:/program files (x86)/atmel/atmel toolchain/avr8 gcc/native/3.4.1056/avr8-gnu-toolchain/bin/../lib/gcc/avr/4.8.1/../../../../avr/lib/avr5/crtm328p.o
 .data          0x00800100        0x0 MPU6050.o
 .data          0x00800100        0x0 I2Cdev.o
 .data          0x00800100        0x0 Wire.o
 .data          0x00800100        0x0 twi.o
 .data          0x00800100        0x0 MPU6050Calibrate.o
 .data          0x00800100        0x0 ../../../Core/ArduinoCoreLib/Debug\libArduinoCoreLib.a(HardwareSerial.o)
 .data          0x00800100        0x0 ../../../Core/ArduinoCoreLib/Debug\libArduinoCoreLib.a(new.o)
 .data          0x00800100        0x0 ../../../Core/ArduinoCoreLib/Debug\libArduinoCoreLib.a(Print.o)
 .data          0x00800100        0x0 ../../../Core/ArduinoCoreLib/Debug\libArduinoCoreLib.a(wiring.o)
 .data          0x00800100        0x0 ../../../Core/ArduinoCoreLib/Debug\libArduinoCoreLib.a(wiring_digital.o)
 .data          0x00800100        0x0 ../../../Core/ArduinoCoreLib/Debug\libArduinoCoreLib.a(WString.o)
 .data          0x00800100        0x0 c:/program files (x86)/atmel/atmel toolchain/avr8 gcc/native/3.4.1056/avr8-gnu-toolchain/bin/../lib/gcc/avr/4.8.1/../../../../avr/lib/avr5\libm.a(addsf3.o)
 .data          0x00800100        0x0 c:/program files (x86)/atmel/atmel toolchain/avr8 gcc/native/3.4.1056/avr8-gnu-toolchain/bin/../lib/gcc/avr/4.8.1/../../../../avr/lib/avr5\libm.a(addsf3x.o)
 .data          0x00800100        0x0 c:/program files (x86)/atmel/atmel toolchain/avr8 gcc/native/3.4.1056/avr8-gnu-toolchain/bin/../lib/gcc/avr/4.8.1/../../../../avr/lib/avr5\libm.a(cmpsf2.o)
 .data          0x00800100        0x0 c:/program files (x86)/atmel/atmel toolchain/avr8 gcc/native/3.4.1056/avr8-gnu-toolchain/bin/../lib/gcc/avr/4.8.1/../../../../avr/lib/avr5\libm.a(divsf3.o)
 .data          0x00800100        0x0 c:/program files (x86)/atmel/atmel toolchain/avr8 gcc/native/3.4.1056/avr8-gnu-toolchain/bin/../lib/gcc/avr/4.8.1/../../../../avr/lib/avr5\libm.a(divsf3x.o)
 .data          0x00800100        0x0 c:/program files (x86)/atmel/atmel toolchain/avr8 gcc/native/3.4.1056/avr8-gnu-toolchain/bin/../lib/gcc/avr/4.8.1/../../../../avr/lib/avr5\libm.a(fixsfsi.o)
 .data          0x00800100        0x0 c:/program files (x86)/atmel/atmel toolchain/avr8 gcc/native/3.4.1056/avr8-gnu-toolchain/bin/../lib/gcc/avr/4.8.1/../../../../avr/lib/avr5\libm.a(fixunssfsi.o)
 .data          0x00800100        0x0 c:/program files (x86)/atmel/atmel toolchain/avr8 gcc/native/3.4.1056/avr8-gnu-toolchain/bin/../lib/gcc/avr/4.8.1/../../../../avr/lib/avr5\libm.a(floatsisf.o)
 .data          0x00800100        0x0 c:/program files (x86)/atmel/atmel toolchain/avr8 gcc/native/3.4.1056/avr8-gnu-toolchain/bin/../lib/gcc/avr/4.8.1/../../../../avr/lib/avr5\libm.a(fp_cmp.o)
 .data          0x00800100        0x0 c:/program files (x86)/atmel/atmel toolchain/avr8 gcc/native/3.4.1056/avr8-gnu-toolchain/bin/../lib/gcc/avr/4.8.1/../../../../avr/lib/avr5\libm.a(fp_inf.o)
 .data          0x00800100        0x0 c:/program files (x86)/atmel/atmel toolchain/avr8 gcc/native/3.4.1056/avr8-gnu-toolchain/bin/../lib/gcc/avr/4.8.1/../../../../avr/lib/avr5\libm.a(fp_nan.o)
 .data          0x00800100        0x0 c:/program files (x86)/atmel/atmel toolchain/avr8 gcc/native/3.4.1056/avr8-gnu-toolchain/bin/../lib/gcc/avr/4.8.1/../../../../avr/lib/avr5\libm.a(fp_pscA.o)
 .data          0x00800100        0x0 c:/program files (x86)/atmel/atmel toolchain/avr8 gcc/native/3.4.1056/avr8-gnu-toolchain/bin/../lib/gcc/avr/4.8.1/../../../../avr/lib/avr5\libm.a(fp_pscB.o)
 .data          0x00800100        0x0 c:/program files (x86)/atmel/atmel toolchain/avr8 gcc/native/3.4.1056/avr8-gnu-toolchain/bin/../lib/gcc/avr/4.8.1/../../../../avr/lib/avr5\libm.a(fp_round.o)
 .data          0x00800100        0x0 c:/program files (x86)/atmel/atmel toolchain/avr8 gcc/native/3.4.1056/avr8-gnu-toolchain/bin/../lib/gcc/avr/4.8.1/../../../../avr/lib/avr5\libm.a(fp_split3.o)
 .data          0x00800100        0x0 c:/program files (x86)/atmel/atmel toolchain/avr8 gcc/native/3.4.1056/avr8-gnu-toolchain/bin/../lib/gcc/avr/4.8.1/../../../../avr/lib/avr5\libm.a(fp_zero.o)
 .data          0x00800100        0x0 c:/program files (x86)/atmel/atmel toolchain/avr8 gcc/native/3.4.1056/avr8-gnu-toolchain/bin/../lib/gcc/avr/4.8.1/../../../../avr/lib/avr5\libm.a(gesf2.o)
 .data          0x00800100        0x0 c:/program files (x86)/atmel/atmel toolchain/avr8 gcc/native/3.4.1056/avr8-gnu-toolchain/bin/../lib/gcc/avr/4.8.1/../../../../avr/lib/avr5\libm.a(mulsf3.o)
 .data          0x00800100        0x0 c:/program files (x86)/atmel/atmel toolchain/avr8 gcc/native/3.4.1056/avr8-gnu-toolchain/bin/../lib/gcc/avr/4.8.1/../../../../avr/lib/avr5\libm.a(mulsf3x.o)
 .data          0x00800100        0x0 c:/program files (x86)/atmel/atmel toolchain/avr8 gcc/native/3.4.1056/avr8-gnu-toolchain/bin/../lib/gcc/avr/4.8.1/../../../../avr/lib/avr5\libm.a(unordsf2.o)
 .data          0x00800100        0x0 c:/program files (x86)/atmel/atmel toolchain/avr8 gcc/native/3.4.1056/avr8-gnu-toolchain/bin/../lib/gcc/avr/4.8.1/avr5\libgcc.a(_divmodhi4.o)
 .data          0x00800100        0x0 c:/program files (x86)/atmel/atmel toolchain/avr8 gcc/native/3.4.1056/avr8-gnu-toolchain/bin/../lib/gcc/avr/4.8.1/avr5\libgcc.a(_udivmodsi4.o)
 .data          0x00800100        0x0 c:/program files (x86)/atmel/atmel toolchain/avr8 gcc/native/3.4.1056/avr8-gnu-toolchain/bin/../lib/gcc/avr/4.8.1/avr5\libgcc.a(_divmodsi4.o)
 .data          0x00800100        0x0 c:/program files (x86)/atmel/atmel toolchain/avr8 gcc/native/3.4.1056/avr8-gnu-toolchain/bin/../lib/gcc/avr/4.8.1/avr5\libgcc.a(_negsi2.o)
 .data          0x00800100        0x0 c:/program files (x86)/atmel/atmel toolchain/avr8 gcc/native/3.4.1056/avr8-gnu-toolchain/bin/../lib/gcc/avr/4.8.1/avr5\libgcc.a(_exit.o)
 .data          0x00800100        0x0 c:/program files (x86)/atmel/atmel toolchain/avr8 gcc/native/3.4.1056/avr8-gnu-toolchain/bin/../lib/gcc/avr/4.8.1/avr5\libgcc.a(_tablejump.o)
 .data          0x00800100        0x0 c:/program files (x86)/atmel/atmel toolchain/avr8 gcc/native/3.4.1056/avr8-gnu-toolchain/bin/../lib/gcc/avr/4.8.1/avr5\libgcc.a(_copy_data.o)
 .data          0x00800100        0x0 c:/program files (x86)/atmel/atmel toolchain/avr8 gcc/native/3.4.1056/avr8-gnu-toolchain/bin/../lib/gcc/avr/4.8.1/avr5\libgcc.a(_clear_bss.o)
 .data          0x00800100        0x0 c:/program files (x86)/atmel/atmel toolchain/avr8 gcc/native/3.4.1056/avr8-gnu-toolchain/bin/../lib/gcc/avr/4.8.1/avr5\libgcc.a(_ctors.o)
 .data          0x00800100        0x0 c:/program files (x86)/atmel/atmel toolchain/avr8 gcc/native/3.4.1056/avr8-gnu-toolchain/bin/../lib/gcc/avr/4.8.1/avr5\libgcc.a(_udivmodhi4.o)
 .data          0x00800100        0x6 c:/program files (x86)/atmel/atmel toolchain/avr8 gcc/native/3.4.1056/avr8-gnu-toolchain/bin/../lib/gcc/avr/4.8.1/../../../../avr/lib/avr5\libc.a(malloc.o)
                0x00800100                __malloc_heap_end
                0x00800102                __malloc_heap_start
                0x00800104                __malloc_margin
 .data          0x00800106        0x0 c:/program files (x86)/atmel/atmel toolchain/avr8 gcc/native/3.4.1056/avr8-gnu-toolchain/bin/../lib/gcc/avr/4.8.1/../../../../avr/lib/avr5\libc.a(realloc.o)
 .data          0x00800106        0x0 c:/program files (x86)/atmel/atmel toolchain/avr8 gcc/native/3.4.1056/avr8-gnu-toolchain/bin/../lib/gcc/avr/4.8.1/../../../../avr/lib/avr5\libc.a(atol.o)
 .data          0x00800106        0x0 c:/program files (x86)/atmel/atmel toolchain/avr8 gcc/native/3.4.1056/avr8-gnu-toolchain/bin/../lib/gcc/avr/4.8.1/../../../../avr/lib/avr5\libc.a(isspace.o)
 .data          0x00800106        0x0 c:/program files (x86)/atmel/atmel toolchain/avr8 gcc/native/3.4.1056/avr8-gnu-toolchain/bin/../lib/gcc/avr/4.8.1/../../../../avr/lib/avr5\libc.a(tolower.o)
 .data          0x00800106        0x0 c:/program files (x86)/atmel/atmel toolchain/avr8 gcc/native/3.4.1056/avr8-gnu-toolchain/bin/../lib/gcc/avr/4.8.1/../../../../avr/lib/avr5\libc.a(toupper.o)
 .data          0x00800106        0x0 c:/program files (x86)/atmel/atmel toolchain/avr8 gcc/native/3.4.1056/avr8-gnu-toolchain/bin/../lib/gcc/avr/4.8.1/../../../../avr/lib/avr5\libc.a(memcmp.o)
 .data          0x00800106        0x0 c:/program files (x86)/atmel/atmel toolchain/avr8 gcc/native/3.4.1056/avr8-gnu-toolchain/bin/../lib/gcc/avr/4.8.1/../../../../avr/lib/avr5\libc.a(memcpy.o)
 .data          0x00800106        0x0 c:/program files (x86)/atmel/atmel toolchain/avr8 gcc/native/3.4.1056/avr8-gnu-toolchain/bin/../lib/gcc/avr/4.8.1/../../../../avr/lib/avr5\libc.a(memmove.o)
 .data          0x00800106        0x0 c:/program files (x86)/atmel/atmel toolchain/avr8 gcc/native/3.4.1056/avr8-gnu-toolchain/bin/../lib/gcc/avr/4.8.1/../../../../avr/lib/avr5\libc.a(strchr.o)
 .data          0x00800106        0x0 c:/program files (x86)/atmel/atmel toolchain/avr8 gcc/native/3.4.1056/avr8-gnu-toolchain/bin/../lib/gcc/avr/4.8.1/../../../../avr/lib/avr5\libc.a(strcmp.o)
 .data          0x00800106        0x0 c:/program files (x86)/atmel/atmel toolchain/avr8 gcc/native/3.4.1056/avr8-gnu-toolchain/bin/../lib/gcc/avr/4.8.1/../../../../avr/lib/avr5\libc.a(strcpy.o)
 .data          0x00800106        0x0 c:/program files (x86)/atmel/atmel toolchain/avr8 gcc/native/3.4.1056/avr8-gnu-toolchain/bin/../lib/gcc/avr/4.8.1/../../../../avr/lib/avr5\libc.a(strlen.o)
 .data          0x00800106        0x0 c:/program files (x86)/atmel/atmel toolchain/avr8 gcc/native/3.4.1056/avr8-gnu-toolchain/bin/../lib/gcc/avr/4.8.1/../../../../avr/lib/avr5\libc.a(strncmp.o)
 .data          0x00800106        0x0 c:/program files (x86)/atmel/atmel toolchain/avr8 gcc/native/3.4.1056/avr8-gnu-toolchain/bin/../lib/gcc/avr/4.8.1/../../../../avr/lib/avr5\libc.a(strncpy.o)
 .data          0x00800106        0x0 c:/program files (x86)/atmel/atmel toolchain/avr8 gcc/native/3.4.1056/avr8-gnu-toolchain/bin/../lib/gcc/avr/4.8.1/../../../../avr/lib/avr5\libc.a(strrchr.o)
 .data          0x00800106        0x0 c:/program files (x86)/atmel/atmel toolchain/avr8 gcc/native/3.4.1056/avr8-gnu-toolchain/bin/../lib/gcc/avr/4.8.1/../../../../avr/lib/avr5\libc.a(strstr.o)
 .data          0x00800106        0x0 c:/program files (x86)/atmel/atmel toolchain/avr8 gcc/native/3.4.1056/avr8-gnu-toolchain/bin/../lib/gcc/avr/4.8.1/../../../../avr/lib/avr5\libc.a(itoa.o)
 .data          0x00800106        0x0 c:/program files (x86)/atmel/atmel toolchain/avr8 gcc/native/3.4.1056/avr8-gnu-toolchain/bin/../lib/gcc/avr/4.8.1/../../../../avr/lib/avr5\libc.a(itoa_ncheck.o)
 .data          0x00800106        0x0 c:/program files (x86)/atmel/atmel toolchain/avr8 gcc/native/3.4.1056/avr8-gnu-toolchain/bin/../lib/gcc/avr/4.8.1/../../../../avr/lib/avr5\libc.a(ltoa.o)
 .data          0x00800106        0x0 c:/program files (x86)/atmel/atmel toolchain/avr8 gcc/native/3.4.1056/avr8-gnu-toolchain/bin/../lib/gcc/avr/4.8.1/../../../../avr/lib/avr5\libc.a(ltoa_ncheck.o)
 .data          0x00800106        0x0 c:/program files (x86)/atmel/atmel toolchain/avr8 gcc/native/3.4.1056/avr8-gnu-toolchain/bin/../lib/gcc/avr/4.8.1/../../../../avr/lib/avr5\libc.a(mulsi10.o)
 .data          0x00800106        0x0 c:/program files (x86)/atmel/atmel toolchain/avr8 gcc/native/3.4.1056/avr8-gnu-toolchain/bin/../lib/gcc/avr/4.8.1/../../../../avr/lib/avr5\libc.a(ultoa.o)
 .data          0x00800106        0x0 c:/program files (x86)/atmel/atmel toolchain/avr8 gcc/native/3.4.1056/avr8-gnu-toolchain/bin/../lib/gcc/avr/4.8.1/../../../../avr/lib/avr5\libc.a(ultoa_ncheck.o)
 .data          0x00800106        0x0 c:/program files (x86)/atmel/atmel toolchain/avr8 gcc/native/3.4.1056/avr8-gnu-toolchain/bin/../lib/gcc/avr/4.8.1/../../../../avr/lib/avr5\libc.a(utoa.o)
 .data          0x00800106        0x0 c:/program files (x86)/atmel/atmel toolchain/avr8 gcc/native/3.4.1056/avr8-gnu-toolchain/bin/../lib/gcc/avr/4.8.1/../../../../avr/lib/avr5\libc.a(utoa_ncheck.o)
 .data          0x00800106        0x0 c:/program files (x86)/atmel/atmel toolchain/avr8 gcc/native/3.4.1056/avr8-gnu-toolchain/bin/../lib/gcc/avr/4.8.1/../../../../avr/lib/avr5\libc.a(cty_isfalse.o)
 .data          0x00800106        0x0 c:/program files (x86)/atmel/atmel toolchain/avr8 gcc/native/3.4.1056/avr8-gnu-toolchain/bin/../lib/gcc/avr/4.8.1/../../../../avr/lib/avr5\libc.a(strrev.o)
 .data          0x00800106        0x0 c:/program files (x86)/atmel/atmel toolchain/avr8 gcc/native/3.4.1056/avr8-gnu-toolchain/bin/../lib/gcc/avr/4.8.1/avr5\libgcc.a(_prologue.o)
 .data          0x00800106        0x0 c:/program files (x86)/atmel/atmel toolchain/avr8 gcc/native/3.4.1056/avr8-gnu-toolchain/bin/../lib/gcc/avr/4.8.1/avr5\libgcc.a(_epilogue.o)
 *(.data*)
 .data.giro_deadzone
                0x00800106        0x2 MPU6050Calibrate.o
                0x00800106                giro_deadzone
 .data.acel_deadzone
                0x00800108        0x2 MPU6050Calibrate.o
                0x00800108                acel_deadzone
 .data.buffersize
                0x0080010a        0x2 MPU6050Calibrate.o
                0x0080010a                buffersize
 *(.rodata)
 *(.rodata*)
 .rodata._ZTV6Stream
                0x0080010c       0x10 Wire.o
                0x0080010c                _ZTV6Stream
 .rodata._ZTV7TwoWire
                0x0080011c       0x10 Wire.o
                0x0080011c                _ZTV7TwoWire
 .rodata.str1.1
                0x0080012c      0x34f MPU6050Calibrate.o
                                0x355 (size before relaxing)
 .rodata._ZTV14HardwareSerial
                0x0080047b       0x10 ../../../Core/ArduinoCoreLib/Debug\libArduinoCoreLib.a(HardwareSerial.o)
                0x0080047b                _ZTV14HardwareSerial
 .rodata._ZTV5Print
                0x0080048b        0x8 ../../../Core/ArduinoCoreLib/Debug\libArduinoCoreLib.a(Print.o)
                0x0080048b                _ZTV5Print
 *(.gnu.linkonce.d*)
                0x00800494                . = ALIGN (0x2)
 *fill*         0x00800493        0x1 
                0x00800494                _edata = .
                0x00800494                PROVIDE (__data_end, .)

.bss            0x00800494      0x1aa
                0x00800494                PROVIDE (__bss_start, .)
 *(.bss)
 *(.bss*)
 .bss._ZN6I2Cdev11readTimeoutE
                0x00800494        0x2 I2Cdev.o
                0x00800494                _ZN6I2Cdev11readTimeoutE
 .bss.Wire      0x00800496        0xc Wire.o
                0x00800496                Wire
 .bss._ZN7TwoWire12transmittingE
                0x008004a2        0x1 Wire.o
                0x008004a2                _ZN7TwoWire12transmittingE
 .bss._ZN7TwoWire14txBufferLengthE
                0x008004a3        0x1 Wire.o
                0x008004a3                _ZN7TwoWire14txBufferLengthE
 .bss._ZN7TwoWire13txBufferIndexE
                0x008004a4        0x1 Wire.o
                0x008004a4                _ZN7TwoWire13txBufferIndexE
 .bss._ZN7TwoWire8txBufferE
                0x008004a5       0x20 Wire.o
                0x008004a5                _ZN7TwoWire8txBufferE
 .bss._ZN7TwoWire9txAddressE
                0x008004c5        0x1 Wire.o
                0x008004c5                _ZN7TwoWire9txAddressE
 .bss._ZN7TwoWire14rxBufferLengthE
                0x008004c6        0x1 Wire.o
                0x008004c6                _ZN7TwoWire14rxBufferLengthE
 .bss._ZN7TwoWire13rxBufferIndexE
                0x008004c7        0x1 Wire.o
                0x008004c7                _ZN7TwoWire13rxBufferIndexE
 .bss._ZN7TwoWire8rxBufferE
                0x008004c8       0x20 Wire.o
                0x008004c8                _ZN7TwoWire8rxBufferE
 .bss.twi_error
                0x008004e8        0x1 twi.o
 .bss.twi_rxBufferIndex
                0x008004e9        0x1 twi.o
 .bss.twi_rxBuffer
                0x008004ea       0x20 twi.o
 .bss.twi_txBufferLength
                0x0080050a        0x1 twi.o
 .bss.twi_txBufferIndex
                0x0080050b        0x1 twi.o
 .bss.twi_txBuffer
                0x0080050c       0x20 twi.o
 .bss.twi_masterBufferLength
                0x0080052c        0x1 twi.o
 .bss.twi_masterBufferIndex
                0x0080052d        0x1 twi.o
 .bss.twi_masterBuffer
                0x0080052e       0x20 twi.o
 .bss.twi_onSlaveReceive
                0x0080054e        0x2 twi.o
 .bss.twi_onSlaveTransmit
                0x00800550        0x2 twi.o
 .bss.twi_inRepStart
                0x00800552        0x1 twi.o
 .bss.twi_sendStop
                0x00800553        0x1 twi.o
 .bss.twi_slarw
                0x00800554        0x1 twi.o
 .bss.twi_state
                0x00800555        0x1 twi.o
 .bss.gz_offset
                0x00800556        0x2 MPU6050Calibrate.o
                0x00800556                gz_offset
 .bss.gy_offset
                0x00800558        0x2 MPU6050Calibrate.o
                0x00800558                gy_offset
 .bss.gx_offset
                0x0080055a        0x2 MPU6050Calibrate.o
                0x0080055a                gx_offset
 .bss.az_offset
                0x0080055c        0x2 MPU6050Calibrate.o
                0x0080055c                az_offset
 .bss.ay_offset
                0x0080055e        0x2 MPU6050Calibrate.o
                0x0080055e                ay_offset
 .bss.ax_offset
                0x00800560        0x2 MPU6050Calibrate.o
                0x00800560                ax_offset
 .bss.state     0x00800562        0x2 MPU6050Calibrate.o
                0x00800562                state
 .bss.mean_gz   0x00800564        0x2 MPU6050Calibrate.o
                0x00800564                mean_gz
 .bss.mean_gy   0x00800566        0x2 MPU6050Calibrate.o
                0x00800566                mean_gy
 .bss.mean_gx   0x00800568        0x2 MPU6050Calibrate.o
                0x00800568                mean_gx
 .bss.mean_az   0x0080056a        0x2 MPU6050Calibrate.o
                0x0080056a                mean_az
 .bss.mean_ay   0x0080056c        0x2 MPU6050Calibrate.o
                0x0080056c                mean_ay
 .bss.mean_ax   0x0080056e        0x2 MPU6050Calibrate.o
                0x0080056e                mean_ax
 .bss.gz        0x00800570        0x2 MPU6050Calibrate.o
                0x00800570                gz
 .bss.gy        0x00800572        0x2 MPU6050Calibrate.o
                0x00800572                gy
 .bss.gx        0x00800574        0x2 MPU6050Calibrate.o
                0x00800574                gx
 .bss.az        0x00800576        0x2 MPU6050Calibrate.o
                0x00800576                az
 .bss.ay        0x00800578        0x2 MPU6050Calibrate.o
                0x00800578                ay
 .bss.ax        0x0080057a        0x2 MPU6050Calibrate.o
                0x0080057a                ax
 .bss.accelgyro
                0x0080057c        0xf MPU6050Calibrate.o
                0x0080057c                accelgyro
 .bss.rx_buffer
                0x0080058b       0x44 ../../../Core/ArduinoCoreLib/Debug\libArduinoCoreLib.a(HardwareSerial.o)
                0x0080058b                rx_buffer
 .bss.tx_buffer
                0x008005cf       0x44 ../../../Core/ArduinoCoreLib/Debug\libArduinoCoreLib.a(HardwareSerial.o)
                0x008005cf                tx_buffer
 .bss.Serial    0x00800613       0x22 ../../../Core/ArduinoCoreLib/Debug\libArduinoCoreLib.a(HardwareSerial.o)
                0x00800613                Serial
 .bss.timer0_overflow_count
                0x00800635        0x4 ../../../Core/ArduinoCoreLib/Debug\libArduinoCoreLib.a(wiring.o)
                0x00800635                timer0_overflow_count
 .bss.timer0_millis
                0x00800639        0x4 ../../../Core/ArduinoCoreLib/Debug\libArduinoCoreLib.a(wiring.o)
                0x00800639                timer0_millis
 .bss.timer0_fract
                0x0080063d        0x1 ../../../Core/ArduinoCoreLib/Debug\libArduinoCoreLib.a(wiring.o)
 *(COMMON)
                0x0080063e                PROVIDE (__bss_end, .)
                0x000031a6                __data_load_start = LOADADDR (.data)
                0x0000353a                __data_load_end = (__data_load_start + SIZEOF (.data))

.noinit         0x0080063e        0x0
                0x0080063e                PROVIDE (__noinit_start, .)
 *(.noinit*)
                0x0080063e                PROVIDE (__noinit_end, .)
                0x0080063e                _end = .
                0x0080063e                PROVIDE (__heap_start, .)

.eeprom         0x00810000        0x0
 *(.eeprom*)
                0x00810000                __eeprom_end = .

.fuse
 *(.fuse)
 *(.lfuse)
 *(.hfuse)
 *(.efuse)

.lock
 *(.lock*)

.signature
 *(.signature*)

.user_signatures
 *(.user_signatures*)

.stab
 *(.stab)

.stabstr
 *(.stabstr)

.stab.excl
 *(.stab.excl)

.stab.exclstr
 *(.stab.exclstr)

.stab.index
 *(.stab.index)

.stab.indexstr
 *(.stab.indexstr)

.comment        0x00000000       0x30
 *(.comment)
 .comment       0x00000000       0x30 MPU6050.o
                                 0x31 (size before relaxing)
 .comment       0x00000000       0x31 I2Cdev.o
 .comment       0x00000000       0x31 Wire.o
 .comment       0x00000000       0x31 twi.o
 .comment       0x00000000       0x31 MPU6050Calibrate.o
 .comment       0x00000000       0x31 ../../../Core/ArduinoCoreLib/Debug\libArduinoCoreLib.a(HardwareSerial.o)
 .comment       0x00000000       0x31 ../../../Core/ArduinoCoreLib/Debug\libArduinoCoreLib.a(new.o)
 .comment       0x00000000       0x31 ../../../Core/ArduinoCoreLib/Debug\libArduinoCoreLib.a(Print.o)
 .comment       0x00000000       0x31 ../../../Core/ArduinoCoreLib/Debug\libArduinoCoreLib.a(wiring.o)
 .comment       0x00000000       0x31 ../../../Core/ArduinoCoreLib/Debug\libArduinoCoreLib.a(wiring_digital.o)
 .comment       0x00000000       0x31 ../../../Core/ArduinoCoreLib/Debug\libArduinoCoreLib.a(WString.o)
 .comment       0x00000000       0x31 c:/program files (x86)/atmel/atmel toolchain/avr8 gcc/native/3.4.1056/avr8-gnu-toolchain/bin/../lib/gcc/avr/4.8.1/../../../../avr/lib/avr5\libc.a(malloc.o)
 .comment       0x00000000       0x31 c:/program files (x86)/atmel/atmel toolchain/avr8 gcc/native/3.4.1056/avr8-gnu-toolchain/bin/../lib/gcc/avr/4.8.1/../../../../avr/lib/avr5\libc.a(realloc.o)

.note.gnu.build-id
 *(.note.gnu.build-id)

.debug
 *(.debug)

.line
 *(.line)

.debug_srcinfo
 *(.debug_srcinfo)

.debug_sfnames
 *(.debug_sfnames)

.debug_aranges  0x00000000      0xa78
 *(.debug_aranges)
 .debug_aranges
                0x00000000      0x840 MPU6050.o
 .debug_aranges
                0x00000840       0xa0 I2Cdev.o
 .debug_aranges
                0x000008e0       0xd0 Wire.o
 .debug_aranges
                0x000009b0       0x70 twi.o
 .debug_aranges
                0x00000a20       0x58 MPU6050Calibrate.o

.debug_pubnames
 *(.debug_pubnames)

.debug_info     0x00000000     0xf73f
 *(.debug_info .gnu.linkonce.wi.*)
 .debug_info    0x00000000     0x892c MPU6050.o
 .debug_info    0x0000892c     0x1222 I2Cdev.o
 .debug_info    0x00009b4e     0x1e1a Wire.o
 .debug_info    0x0000b968      0x6b9 twi.o
 .debug_info    0x0000c021     0x371e MPU6050Calibrate.o

.debug_abbrev   0x00000000     0x1009
 *(.debug_abbrev)
 .debug_abbrev  0x00000000      0x300 MPU6050.o
 .debug_abbrev  0x00000300      0x2d5 I2Cdev.o
 .debug_abbrev  0x000005d5      0x4b9 Wire.o
 .debug_abbrev  0x00000a8e      0x251 twi.o
 .debug_abbrev  0x00000cdf      0x32a MPU6050Calibrate.o

.debug_line     0x00000000     0x2418
 *(.debug_line .debug_line.* .debug_line_end)
 .debug_line    0x00000000     0x158c MPU6050.o
 .debug_line    0x0000158c      0x42e I2Cdev.o
 .debug_line    0x000019ba      0x3b4 Wire.o
 .debug_line    0x00001d6e      0x2de twi.o
 .debug_line    0x0000204c      0x3cc MPU6050Calibrate.o

.debug_frame    0x00000000     0x25d0
 *(.debug_frame)
 .debug_frame   0x00000000     0x1dec MPU6050.o
 .debug_frame   0x00001dec      0x3b8 I2Cdev.o
 .debug_frame   0x000021a4      0x1d0 Wire.o
 .debug_frame   0x00002374      0x114 twi.o
 .debug_frame   0x00002488      0x148 MPU6050Calibrate.o

.debug_str      0x00000000     0x5197
 *(.debug_str)
 .debug_str     0x00000000     0x3cba MPU6050.o
                               0x3d09 (size before relaxing)
 .debug_str     0x00003cba      0x16e I2Cdev.o
                                0x5aa (size before relaxing)
 .debug_str     0x00003e28      0xe5d Wire.o
                               0x1198 (size before relaxing)
 .debug_str     0x00004c85      0x1f5 twi.o
                                0x363 (size before relaxing)
 .debug_str     0x00004e7a      0x31d MPU6050Calibrate.o
                               0x3d05 (size before relaxing)

.debug_loc      0x00000000     0xb89c
 *(.debug_loc)
 .debug_loc     0x00000000     0x8f3b MPU6050.o
 .debug_loc     0x00008f3b     0x166c I2Cdev.o
 .debug_loc     0x0000a5a7      0x875 Wire.o
 .debug_loc     0x0000ae1c      0x5a3 twi.o
 .debug_loc     0x0000b3bf      0x4dd MPU6050Calibrate.o

.debug_macinfo
 *(.debug_macinfo)

.debug_weaknames
 *(.debug_weaknames)

.debug_funcnames
 *(.debug_funcnames)

.debug_typenames
 *(.debug_typenames)

.debug_varnames
 *(.debug_varnames)

.debug_pubtypes
 *(.debug_pubtypes)

.debug_ranges   0x00000000      0xaa8
 *(.debug_ranges)
 .debug_ranges  0x00000000      0x860 MPU6050.o
 .debug_ranges  0x00000860       0xe0 I2Cdev.o
 .debug_ranges  0x00000940       0xc0 Wire.o
 .debug_ranges  0x00000a00       0x60 twi.o
 .debug_ranges  0x00000a60       0x48 MPU6050Calibrate.o

.debug_macro
 *(.debug_macro)
OUTPUT(MPU6050Calibrate.elf elf32-avr)
LOAD linker stubs
