Archive member included because of file (symbol)

../../../Core/ArduinoCoreLib/Debug\libArduinoCoreLib.a(HardwareSerial.o)
                              PWMTest.o (Serial)
../../../Core/ArduinoCoreLib/Debug\libArduinoCoreLib.a(main.o)
                              c:/program files (x86)/atmel/atmel toolchain/avr8 gcc/native/3.4.1056/avr8-gnu-toolchain/bin/../lib/gcc/avr/4.8.1/../../../../avr/lib/avr5/crtm328p.o (main)
../../../Core/ArduinoCoreLib/Debug\libArduinoCoreLib.a(new.o)
                              Wire.o (__cxa_pure_virtual)
../../../Core/ArduinoCoreLib/Debug\libArduinoCoreLib.a(Print.o)
                              Wire.o (_ZN5Print5writeEPKhj)
../../../Core/ArduinoCoreLib/Debug\libArduinoCoreLib.a(wiring.o)
                              ../../../Core/ArduinoCoreLib/Debug\libArduinoCoreLib.a(main.o) (init)
../../../Core/ArduinoCoreLib/Debug\libArduinoCoreLib.a(wiring_analog.o)
                              PWMTest.o (analogRead)
../../../Core/ArduinoCoreLib/Debug\libArduinoCoreLib.a(wiring_digital.o)
                              ../../../Core/ArduinoCoreLib/Debug\libArduinoCoreLib.a(wiring_analog.o) (digital_pin_to_timer_PGM)
../../../Core/ArduinoCoreLib/Debug\libArduinoCoreLib.a(WString.o)
                              ../../../Core/ArduinoCoreLib/Debug\libArduinoCoreLib.a(Print.o) (_ZNK6StringixEj)
c:/program files (x86)/atmel/atmel toolchain/avr8 gcc/native/3.4.1056/avr8-gnu-toolchain/bin/../lib/gcc/avr/4.8.1/../../../../avr/lib/avr5\libm.a(addsf3.o)
                              ../../../Core/ArduinoCoreLib/Debug\libArduinoCoreLib.a(Print.o) (__subsf3)
c:/program files (x86)/atmel/atmel toolchain/avr8 gcc/native/3.4.1056/avr8-gnu-toolchain/bin/../lib/gcc/avr/4.8.1/../../../../avr/lib/avr5\libm.a(addsf3x.o)
                              c:/program files (x86)/atmel/atmel toolchain/avr8 gcc/native/3.4.1056/avr8-gnu-toolchain/bin/../lib/gcc/avr/4.8.1/../../../../avr/lib/avr5\libm.a(addsf3.o) (__addsf3x)
c:/program files (x86)/atmel/atmel toolchain/avr8 gcc/native/3.4.1056/avr8-gnu-toolchain/bin/../lib/gcc/avr/4.8.1/../../../../avr/lib/avr5\libm.a(cmpsf2.o)
                              ../../../Core/ArduinoCoreLib/Debug\libArduinoCoreLib.a(Print.o) (__ltsf2)
c:/program files (x86)/atmel/atmel toolchain/avr8 gcc/native/3.4.1056/avr8-gnu-toolchain/bin/../lib/gcc/avr/4.8.1/../../../../avr/lib/avr5\libm.a(divsf3.o)
                              ../../../Core/ArduinoCoreLib/Debug\libArduinoCoreLib.a(Print.o) (__divsf3)
c:/program files (x86)/atmel/atmel toolchain/avr8 gcc/native/3.4.1056/avr8-gnu-toolchain/bin/../lib/gcc/avr/4.8.1/../../../../avr/lib/avr5\libm.a(divsf3x.o)
                              c:/program files (x86)/atmel/atmel toolchain/avr8 gcc/native/3.4.1056/avr8-gnu-toolchain/bin/../lib/gcc/avr/4.8.1/../../../../avr/lib/avr5\libm.a(divsf3.o) (__divsf3x)
c:/program files (x86)/atmel/atmel toolchain/avr8 gcc/native/3.4.1056/avr8-gnu-toolchain/bin/../lib/gcc/avr/4.8.1/../../../../avr/lib/avr5\libm.a(fixsfsi.o)
                              ../../../Core/ArduinoCoreLib/Debug\libArduinoCoreLib.a(Print.o) (__fixsfsi)
c:/program files (x86)/atmel/atmel toolchain/avr8 gcc/native/3.4.1056/avr8-gnu-toolchain/bin/../lib/gcc/avr/4.8.1/../../../../avr/lib/avr5\libm.a(fixunssfsi.o)
                              ../../../Core/ArduinoCoreLib/Debug\libArduinoCoreLib.a(Print.o) (__fixunssfsi)
c:/program files (x86)/atmel/atmel toolchain/avr8 gcc/native/3.4.1056/avr8-gnu-toolchain/bin/../lib/gcc/avr/4.8.1/../../../../avr/lib/avr5\libm.a(floatsisf.o)
                              ../../../Core/ArduinoCoreLib/Debug\libArduinoCoreLib.a(Print.o) (__floatunsisf)
c:/program files (x86)/atmel/atmel toolchain/avr8 gcc/native/3.4.1056/avr8-gnu-toolchain/bin/../lib/gcc/avr/4.8.1/../../../../avr/lib/avr5\libm.a(fp_cmp.o)
                              c:/program files (x86)/atmel/atmel toolchain/avr8 gcc/native/3.4.1056/avr8-gnu-toolchain/bin/../lib/gcc/avr/4.8.1/../../../../avr/lib/avr5\libm.a(cmpsf2.o) (__fp_cmp)
c:/program files (x86)/atmel/atmel toolchain/avr8 gcc/native/3.4.1056/avr8-gnu-toolchain/bin/../lib/gcc/avr/4.8.1/../../../../avr/lib/avr5\libm.a(fp_inf.o)
                              c:/program files (x86)/atmel/atmel toolchain/avr8 gcc/native/3.4.1056/avr8-gnu-toolchain/bin/../lib/gcc/avr/4.8.1/../../../../avr/lib/avr5\libm.a(addsf3x.o) (__fp_inf)
c:/program files (x86)/atmel/atmel toolchain/avr8 gcc/native/3.4.1056/avr8-gnu-toolchain/bin/../lib/gcc/avr/4.8.1/../../../../avr/lib/avr5\libm.a(fp_nan.o)
                              c:/program files (x86)/atmel/atmel toolchain/avr8 gcc/native/3.4.1056/avr8-gnu-toolchain/bin/../lib/gcc/avr/4.8.1/../../../../avr/lib/avr5\libm.a(addsf3x.o) (__fp_nan)
c:/program files (x86)/atmel/atmel toolchain/avr8 gcc/native/3.4.1056/avr8-gnu-toolchain/bin/../lib/gcc/avr/4.8.1/../../../../avr/lib/avr5\libm.a(fp_pscA.o)
[...]
Memory Configuration

Name             Origin             Length             Attributes
text             0x00000000         0x00020000         xr
data             0x00800060         0x0000ffa0         rw !x
eeprom           0x00810000         0x00010000         rw !x
fuse             0x00820000         0x00000400         rw !x
lock             0x00830000         0x00000400         rw !x
signature        0x00840000         0x00000400         rw !x
user_signatures  0x00850000         0x00000400         rw !x
*default*        0x00000000         0xffffffff

Linker script and memory map

Address of section .data set to 0x800100
LOAD c:/program files (x86)/atmel/atmel toolchain/avr8 gcc/native/3.4.1056/avr8-gnu-toolchain/bin/../lib/gcc/avr/4.8.1/../../../../avr/lib/avr5/crtm328p.o
LOAD PWMTest.o
LOAD PWMMotorControl.o
LOAD Wire.o
LOAD twi.o
START GROUP
LOAD c:/program files (x86)/atmel/atmel toolchain/avr8 gcc/native/3.4.1056/avr8-gnu-toolchain/bin/../lib/gcc/avr/4.8.1/../../../../avr/lib/avr5\libm.a
LOAD ../../../Core/ArduinoCoreLib/Debug\libArduinoCoreLib.a
END GROUP
LOAD c:/program files (x86)/atmel/atmel toolchain/avr8 gcc/native/3.4.1056/avr8-gnu-toolchain/bin/../lib/gcc/avr/4.8.1/avr5\libgcc.a
LOAD c:/program files (x86)/atmel/atmel toolchain/avr8 gcc/native/3.4.1056/avr8-gnu-toolchain/bin/../lib/gcc/avr/4.8.1/../../../../avr/lib/avr5\libm.a
START GROUP
LOAD c:/program files (x86)/atmel/atmel toolchain/avr8 gcc/native/3.4.1056/avr8-gnu-toolchain/bin/../lib/gcc/avr/4.8.1/avr5\libgcc.a
LOAD c:/program files (x86)/atmel/atmel toolchain/avr8 gcc/native/3.4.1056/avr8-gnu-toolchain/bin/../lib/gcc/avr/4.8.1/../../../../avr/lib/avr5\libm.a
LOAD c:/program files (x86)/atmel/atmel toolchain/avr8 gcc/native/3.4.1056/avr8-gnu-toolchain/bin/../lib/gcc/avr/4.8.1/../../../../avr/lib/avr5\libc.a
END GROUP

.hash
 *(.hash)

.dynsym
 *(.dynsym)

.dynstr
 *(.dynstr)

.gnu.version
 *(.gnu.version)

.gnu.version_d
 *(.gnu.version_d)

.gnu.version_r
 *(.gnu.version_r)

.rel.init
 *(.rel.init)

.rela.init
 *(.rela.init)

.rel.text
 *(.rel.text)
 *(.rel.text.*)
 *(.rel.gnu.linkonce.t*)

.rela.text
 *(.rela.text)
 *(.rela.text.*)
 *(.rela.gnu.linkonce.t*)

.rel.fini
 *(.rel.fini)

.rela.fini
 *(.rela.fini)

.rel.rodata
 *(.rel.rodata)
 *(.rel.rodata.*)
 *(.rel.gnu.linkonce.r*)

.rela.rodata
 *(.rela.rodata)
 *(.rela.rodata.*)
 *(.rela.gnu.linkonce.r*)

.rel.data
 *(.rel.data)
 *(.rel.data.*)
 *(.rel.gnu.linkonce.d*)

.rela.data
 *(.rela.data)
 *(.rela.data.*)
 *(.rela.gnu.linkonce.d*)

.rel.ctors
 *(.rel.ctors)

.rela.ctors
 *(.rela.ctors)

.rel.dtors
 *(.rel.dtors)

.rela.dtors
 *(.rela.dtors)

.rel.got
 *(.rel.got)

.rela.got
 *(.rela.got)

.rel.bss
 *(.rel.bss)

.rela.bss
 *(.rela.bss)

.rel.plt
 *(.rel.plt)

.rela.plt
 *(.rela.plt)

.text           0x00000000     0x235a
 *(.vectors)
 .vectors       0x00000000       0x68 c:/program files (x86)/atmel/atmel toolchain/avr8 gcc/native/3.4.1056/avr8-gnu-toolchain/bin/../lib/gcc/avr/4.8.1/../../../../avr/lib/avr5/crtm328p.o
                0x00000000                __vector_default
                0x00000000                __vectors
 *(.vectors)
 *(.progmem.gcc*)
 .progmem.gcc_sw_table.loop
                0x00000068       0x2e PWMTest.o
 .progmem.gcc_sw_table.__vector_24
                0x00000096      0x192 twi.o
                0x00000228                . = ALIGN (0x2)
                0x00000228                __trampolines_start = .
 *(.trampolines)
 .trampolines   0x00000228        0x0 linker stubs
 *(.trampolines*)
                0x00000228                __trampolines_end = .
 *(.progmem*)
 .progmem.data.port_to_mode_PGM
                0x00000228        0xa ../../../Core/ArduinoCoreLib/Debug\libArduinoCoreLib.a(wiring_digital.o)
                0x00000228                port_to_mode_PGM
 .progmem.data.port_to_output_PGM
                0x00000232        0xa ../../../Core/ArduinoCoreLib/Debug\libArduinoCoreLib.a(wiring_digital.o)
                0x00000232                port_to_output_PGM
 .progmem.data.digital_pin_to_port_PGM
                0x0000023c       0x14 ../../../Core/ArduinoCoreLib/Debug\libArduinoCoreLib.a(wiring_digital.o)
                0x0000023c                digital_pin_to_port_PGM
 .progmem.data.digital_pin_to_bit_mask_PGM
                0x00000250       0x14 ../../../Core/ArduinoCoreLib/Debug\libArduinoCoreLib.a(wiring_digital.o)
                0x00000250                digital_pin_to_bit_mask_PGM
 .progmem.data.digital_pin_to_timer_PGM
                0x00000264       0x14 ../../../Core/ArduinoCoreLib/Debug\libArduinoCoreLib.a(wiring_digital.o)
                0x00000264                digital_pin_to_timer_PGM
                0x00000278                . = ALIGN (0x2)
 *(.jumptables)
 *(.jumptables*)
 *(.lowtext)
 *(.lowtext*)
                0x00000278                __ctors_start = .
 *(.ctors)
 .ctors         0x00000278        0x2 Wire.o
 .ctors         0x0000027a        0x2 ../../../Core/ArduinoCoreLib/Debug\libArduinoCoreLib.a(HardwareSerial.o)
                0x0000027c                __ctors_end = .
                0x0000027c                __dtors_start = .
 *(.dtors)
                0x0000027c                __dtors_end = .
 SORT(*)(.ctors)
 SORT(*)(.dtors)
 *(.init0)
 .init0         0x0000027c        0x0 c:/program files (x86)/atmel/atmel toolchain/avr8 gcc/native/3.4.1056/avr8-gnu-toolchain/bin/../lib/gcc/avr/4.8.1/../../../../avr/lib/avr5/crtm328p.o
                0x0000027c                __init
 *(.init0)
 *(.init1)
 *(.init1)
 *(.init2)
 .init2         0x0000027c        0xc c:/program files (x86)/atmel/atmel toolchain/avr8 gcc/native/3.4.1056/avr8-gnu-toolchain/bin/../lib/gcc/avr/4.8.1/../../../../avr/lib/avr5/crtm328p.o
 *(.init2)
 *(.init3)
 *(.init3)
 *(.init4)
 .init4         0x00000288       0x16 c:/program files (x86)/atmel/atmel toolchain/avr8 gcc/native/3.4.1056/avr8-gnu-toolchain/bin/../lib/gcc/avr/4.8.1/avr5\libgcc.a(_copy_data.o)
                0x00000288                __do_copy_data
 .init4         0x0000029e       0x10 c:/program files (x86)/atmel/atmel toolchain/avr8 gcc/native/3.4.1056/avr8-gnu-toolchain/bin/../lib/gcc/avr/4.8.1/avr5\libgcc.a(_clear_bss.o)
                0x0000029e                __do_clear_bss
 *(.init4)
 *(.init5)
 *(.init5)
 *(.init6)
 .init6         0x000002ae       0x16 c:/program files (x86)/atmel/atmel toolchain/avr8 gcc/native/3.4.1056/avr8-gnu-toolchain/bin/../lib/gcc/avr/4.8.1/avr5\libgcc.a(_ctors.o)
                0x000002ae                __do_global_ctors
 *(.init6)
 *(.init7)
 *(.init7)
 *(.init8)
 *(.init8)
 *(.init9)
 .init9         0x000002c4        0x8 c:/program files (x86)/atmel/atmel toolchain/avr8 gcc/native/3.4.1056/avr8-gnu-toolchain/bin/../lib/gcc/avr/4.8.1/../../../../avr/lib/avr5/crtm328p.o
 *(.init9)
 *(.text)
 .text          0x000002cc        0x4 c:/program files (x86)/atmel/atmel toolchain/avr8 gcc/native/3.4.1056/avr8-gnu-toolchain/bin/../lib/gcc/avr/4.8.1/../../../../avr/lib/avr5/crtm328p.o
                0x000002cc                __vector_22
                0x000002cc                __vector_1
                0x000002cc                __vector_12
                0x000002cc                __bad_interrupt
                0x000002cc                __vector_6
                0x000002cc                __vector_3
                0x000002cc                __vector_23
                0x000002cc                __vector_25
                0x000002cc                __vector_11
                0x000002cc                __vector_13
                0x000002cc                __vector_17
                0x000002cc                __vector_7
                0x000002cc                __vector_5
                0x000002cc                __vector_4
                0x000002cc                __vector_2
                0x000002cc                __vector_21
                0x000002cc                __vector_15
                0x000002cc                __vector_8
                0x000002cc                __vector_14
                0x000002cc                __vector_10
                0x000002cc                __vector_20
                0x000002d0                . = ALIGN (0x2)
 *(.text.*)
 .text.setup    0x000002d0       0x16 PWMTest.o
                0x000002d0                setup
 .text.loop     0x000002e6      0x220 PWMTest.o
                0x000002e6                loop
 .text._Z16PWMMotorCtrlInitv
                0x00000506       0x6e PWMMotorControl.o
                0x00000506                _Z16PWMMotorCtrlInitv
 .text._Z13SetMotorSpeedii
                0x00000574       0x2c PWMMotorControl.o
                0x00000574                _Z13SetMotorSpeedii
 .text._Z17SetMotorDirectionii
                0x000005a0       0x6e PWMMotorControl.o
                0x000005a0                _Z17SetMotorDirectionii
 .text.__vector_9
                0x0000060e       0x44 PWMMotorControl.o
                0x0000060e                __vector_9
 .text._ZN7TwoWire9availableEv
                0x00000652       0x10 Wire.o
                0x00000652                _ZN7TwoWire9availableEv
 .text._ZN7TwoWire4readEv
                0x00000662       0x26 Wire.o
                0x00000662                _ZN7TwoWire4readEv
 .text._ZN7TwoWire4peekEv
                0x00000688       0x1e Wire.o
                0x00000688                _ZN7TwoWire4peekEv
 .text._ZN7TwoWire5flushEv
                0x000006a6        0x2 Wire.o
                0x000006a6                _ZN7TwoWire5flushEv
 .text._ZN7TwoWire5writeEPKhj
                0x000006a8       0x60 Wire.o
                0x000006a8                _ZN7TwoWire5writeEPKhj
 .text._ZN7TwoWire5writeEh
                0x00000708       0x62 Wire.o
                0x00000708                _ZN7TwoWire5writeEh
 .text._ZN7TwoWireC2Ev
                0x0000076a       0x20 Wire.o
                0x0000076a                _ZN7TwoWireC1Ev
                0x0000076a                _ZN7TwoWireC2Ev
 .text._GLOBAL__sub_I__ZN7TwoWire8rxBufferE
                0x0000078a        0xa Wire.o
 .text.twi_transmit
                0x00000794       0x3e twi.o
                0x00000794                twi_transmit
 .text.twi_stop
                0x000007d2       0x16 twi.o
                0x000007d2                twi_stop
 .text.twi_releaseBus
                0x000007e8        0xc twi.o
                0x000007e8                twi_releaseBus
 .text.__vector_24
                0x000007f4      0x242 twi.o
                0x000007f4                __vector_24
 .text._ZN5PrintC2Ev
                0x00000a36       0x30 ../../../Core/ArduinoCoreLib/Debug\libArduinoCoreLib.a(HardwareSerial.o)
                0x00000a36                _ZN5PrintC2Ev
                0x00000a36                _ZN5PrintC1Ev
 .text._ZN6StreamC2Ev
                0x00000a66       0x44 ../../../Core/ArduinoCoreLib/Debug\libArduinoCoreLib.a(HardwareSerial.o)
                0x00000a66                _ZN6StreamC1Ev
                0x00000a66                _ZN6StreamC2Ev
 .text._Z10store_charhP11ring_buffer
                0x00000aaa       0x8a ../../../Core/ArduinoCoreLib/Debug\libArduinoCoreLib.a(HardwareSerial.o)
                0x00000aaa                _Z10store_charhP11ring_buffer
 .text._Z11serialEventv
                0x00000b34        0xe ../../../Core/ArduinoCoreLib/Debug\libArduinoCoreLib.a(HardwareSerial.o)
                0x00000b34                _Z11serialEventv
 .text.__vector_18
                0x00000b42       0x96 ../../../Core/ArduinoCoreLib/Debug\libArduinoCoreLib.a(HardwareSerial.o)
                0x00000b42                __vector_18
 .text._Z14serialEventRunv
                0x00000bd8       0x26 ../../../Core/ArduinoCoreLib/Debug\libArduinoCoreLib.a(HardwareSerial.o)
                0x00000bd8                _Z14serialEventRunv
 .text.__vector_19
                0x00000bfe       0xa8 ../../../Core/ArduinoCoreLib/Debug\libArduinoCoreLib.a(HardwareSerial.o)
                0x00000bfe                __vector_19
 .text._ZN14HardwareSerialC2EP11ring_bufferS1_PVhS3_S3_S3_S3_S3_hhhhh
                0x00000ca6      0x12a ../../../Core/ArduinoCoreLib/Debug\libArduinoCoreLib.a(HardwareSerial.o)
                0x00000ca6                _ZN14HardwareSerialC2EP11ring_bufferS1_PVhS3_S3_S3_S3_S3_hhhhh
                0x00000ca6                _ZN14HardwareSerialC1EP11ring_bufferS1_PVhS3_S3_S3_S3_S3_hhhhh
 .text._ZN14HardwareSerial5beginEm
                0x00000dd0      0x216 ../../../Core/ArduinoCoreLib/Debug\libArduinoCoreLib.a(HardwareSerial.o)
                0x00000dd0                _ZN14HardwareSerial5beginEm
 .text._ZN14HardwareSerial9availableEv
                0x00000fe6       0x4c ../../../Core/ArduinoCoreLib/Debug\libArduinoCoreLib.a(HardwareSerial.o)
                0x00000fe6                _ZN14HardwareSerial9availableEv
 .text._ZN14HardwareSerial4peekEv
                0x00001032       0x7e ../../../Core/ArduinoCoreLib/Debug\libArduinoCoreLib.a(HardwareSerial.o)
                0x00001032                _ZN14HardwareSerial4peekEv
 .text._ZN14HardwareSerial4readEv
                0x000010b0       0xb6 ../../../Core/ArduinoCoreLib/Debug\libArduinoCoreLib.a(HardwareSerial.o)
                0x000010b0                _ZN14HardwareSerial4readEv
 .text._ZN14HardwareSerial5flushEv
                0x00001166       0x52 ../../../Core/ArduinoCoreLib/Debug\libArduinoCoreLib.a(HardwareSerial.o)
                0x00001166                _ZN14HardwareSerial5flushEv
 .text._ZN14HardwareSerial5writeEh
                0x000011b8      0x112 ../../../Core/ArduinoCoreLib/Debug\libArduinoCoreLib.a(HardwareSerial.o)
                0x000011b8                _ZN14HardwareSerial5writeEh
 .text._Z41__static_initialization_and_destruction_0ii
                0x000012ca       0xbe ../../../Core/ArduinoCoreLib/Debug\libArduinoCoreLib.a(HardwareSerial.o)
 .text._GLOBAL__sub_I_rx_buffer
                0x00001388       0x1a ../../../Core/ArduinoCoreLib/Debug\libArduinoCoreLib.a(HardwareSerial.o)
 .text.main     0x000013a2       0x22 ../../../Core/ArduinoCoreLib/Debug\libArduinoCoreLib.a(main.o)
                0x000013a2                main
 .text.__cxa_pure_virtual
                0x000013c4        0xe ../../../Core/ArduinoCoreLib/Debug\libArduinoCoreLib.a(new.o)
                0x000013c4                __cxa_pure_virtual
 .text._ZN5Print5writeEPKc
                0x000013d2       0x62 ../../../Core/ArduinoCoreLib/Debug\libArduinoCoreLib.a(Print.o)
                0x000013d2                _ZN5Print5writeEPKc
 .text._ZN5Print5writeEPKhj
                0x00001434       0x8e ../../../Core/ArduinoCoreLib/Debug\libArduinoCoreLib.a(Print.o)
                0x00001434                _ZN5Print5writeEPKhj
 .text._ZN5Print5printEPKc
                0x000014c2       0x30 ../../../Core/ArduinoCoreLib/Debug\libArduinoCoreLib.a(Print.o)
                0x000014c2                _ZN5Print5printEPKc
 .text._ZN5Print5printEc
                0x000014f2       0x3a ../../../Core/ArduinoCoreLib/Debug\libArduinoCoreLib.a(Print.o)
                0x000014f2                _ZN5Print5printEc
 .text._ZN5Print5printEii
                0x0000152c       0x4a ../../../Core/ArduinoCoreLib/Debug\libArduinoCoreLib.a(Print.o)
                0x0000152c                _ZN5Print5printEii
 .text._ZN5Print5printEli
                0x00001576       0xf4 ../../../Core/ArduinoCoreLib/Debug\libArduinoCoreLib.a(Print.o)
                0x00001576                _ZN5Print5printEli
 .text._ZN5Print11printNumberEmh
                0x0000166a       0xe8 ../../../Core/ArduinoCoreLib/Debug\libArduinoCoreLib.a(Print.o)
                0x0000166a                _ZN5Print11printNumberEmh
 .text.__vector_16
                0x00001752       0xe4 ../../../Core/ArduinoCoreLib/Debug\libArduinoCoreLib.a(wiring.o)
                0x00001752                __vector_16
 .text.init     0x00001836      0x11c ../../../Core/ArduinoCoreLib/Debug\libArduinoCoreLib.a(wiring.o)
                0x00001836                init
 .text.analogRead
                0x00001952       0xa0 ../../../Core/ArduinoCoreLib/Debug\libArduinoCoreLib.a(wiring_analog.o)
                0x00001952                analogRead
 .text.pinMode  0x000019f2      0x192 ../../../Core/ArduinoCoreLib/Debug\libArduinoCoreLib.a(wiring_digital.o)
                0x000019f2                pinMode
 .text.turnOffPWM
                0x00001b84       0xc0 ../../../Core/ArduinoCoreLib/Debug\libArduinoCoreLib.a(wiring_digital.o)
 .text.digitalWrite
                0x00001c44      0x10e ../../../Core/ArduinoCoreLib/Debug\libArduinoCoreLib.a(wiring_digital.o)
                0x00001c44                digitalWrite
 .text.libgcc.div
                0x00001d52       0x44 c:/program files (x86)/atmel/atmel toolchain/avr8 gcc/native/3.4.1056/avr8-gnu-toolchain/bin/../lib/gcc/avr/4.8.1/avr5\libgcc.a(_udivmodsi4.o)
                0x00001d52                __udivmodsi4
 .text.libgcc   0x00001d96        0xc c:/program files (x86)/atmel/atmel toolchain/avr8 gcc/native/3.4.1056/avr8-gnu-toolchain/bin/../lib/gcc/avr/4.8.1/avr5\libgcc.a(_tablejump.o)
                0x00001d96                __tablejump2__
                0x00001d9a                __tablejump__
 .text.avr-libc
                0x00001da2       0x12 c:/program files (x86)/atmel/atmel toolchain/avr8 gcc/native/3.4.1056/avr8-gnu-toolchain/bin/../lib/gcc/avr/4.8.1/../../../../avr/lib/avr5\libc.a(strlen.o)
                0x00001da2                strlen
 .text.avr-libc
                0x00001db4       0x44 c:/program files (x86)/atmel/atmel toolchain/avr8 gcc/native/3.4.1056/avr8-gnu-toolchain/bin/../lib/gcc/avr/4.8.1/../../../../avr/lib/avr5\libc.a(sprintf.o)
                0x00001db4                sprintf
 .text.avr-libc
                0x00001df8      0x3a4 c:/program files (x86)/atmel/atmel toolchain/avr8 gcc/native/3.4.1056/avr8-gnu-toolchain/bin/../lib/gcc/avr/4.8.1/../../../../avr/lib/avr5\libc.a(vfprintf_std.o)
                0x00001df8                vfprintf
 .text.avr-libc
                0x0000219c       0x16 c:/program files (x86)/atmel/atmel toolchain/avr8 gcc/native/3.4.1056/avr8-gnu-toolchain/bin/../lib/gcc/avr/4.8.1/../../../../avr/lib/avr5\libc.a(strnlen_P.o)
                0x0000219c                strnlen_P
 .text.avr-libc
                0x000021b2       0x16 c:/program files (x86)/atmel/atmel toolchain/avr8 gcc/native/3.4.1056/avr8-gnu-toolchain/bin/../lib/gcc/avr/4.8.1/../../../../avr/lib/avr5\libc.a(strnlen.o)
                0x000021b2                strnlen
 .text.avr-libc
                0x000021c8       0x64 c:/program files (x86)/atmel/atmel toolchain/avr8 gcc/native/3.4.1056/avr8-gnu-toolchain/bin/../lib/gcc/avr/4.8.1/../../../../avr/lib/avr5\libc.a(fputc.o)
                0x000021c8                fputc
 .text.avr-libc
                0x0000222c       0xbc c:/program files (x86)/atmel/atmel toolchain/avr8 gcc/native/3.4.1056/avr8-gnu-toolchain/bin/../lib/gcc/avr/4.8.1/../../../../avr/lib/avr5\libc.a(ultoa_invert.o)
                0x0000222c                __ultoa_invert
 .text.libgcc.prologue
                0x000022e8       0x38 c:/program files (x86)/atmel/atmel toolchain/avr8 gcc/native/3.4.1056/avr8-gnu-toolchain/bin/../lib/gcc/avr/4.8.1/avr5\libgcc.a(_prologue.o)
                0x000022e8                __prologue_saves__
 .text.libgcc.prologue
                0x00002320       0x36 c:/program files (x86)/atmel/atmel toolchain/avr8 gcc/native/3.4.1056/avr8-gnu-toolchain/bin/../lib/gcc/avr/4.8.1/avr5\libgcc.a(_epilogue.o)
                0x00002320                __epilogue_restores__
                0x00002356                . = ALIGN (0x2)
 *(.fini9)
 .fini9         0x00002356        0x0 c:/program files (x86)/atmel/atmel toolchain/avr8 gcc/native/3.4.1056/avr8-gnu-toolchain/bin/../lib/gcc/avr/4.8.1/avr5\libgcc.a(_exit.o)
                0x00002356                _exit
                0x00002356                exit
 *(.fini9)
 *(.fini8)
 *(.fini8)
 *(.fini7)
 *(.fini7)
 *(.fini6)
 *(.fini6)
 *(.fini5)
 *(.fini5)
 *(.fini4)
 *(.fini4)
 *(.fini3)
 *(.fini3)
 *(.fini2)
 *(.fini2)
 *(.fini1)
 *(.fini1)
 *(.fini0)
 .fini0         0x00002356        0x4 c:/program files (x86)/atmel/atmel toolchain/avr8 gcc/native/3.4.1056/avr8-gnu-toolchain/bin/../lib/gcc/avr/4.8.1/avr5\libgcc.a(_exit.o)
 *(.fini0)
                0x0000235a                _etext = .

.data           0x00800100       0x6c load address 0x0000235a
                0x00800100                PROVIDE (__data_start, .)
 *(.data)
 .data          0x00800100        0x0 c:/program files (x86)/atmel/atmel toolchain/avr8 gcc/native/3.4.1056/avr8-gnu-toolchain/bin/../lib/gcc/avr/4.8.1/../../../../avr/lib/avr5/crtm328p.o
 .data          0x00800100        0x0 PWMTest.o
 .data          0x00800100        0x0 PWMMotorControl.o
 .data          0x00800100        0x0 Wire.o
 .data          0x00800100        0x0 twi.o
 .data          0x00800100        0x0 ../../../Core/ArduinoCoreLib/Debug\libArduinoCoreLib.a(HardwareSerial.o)
 .data          0x00800100        0x0 ../../../Core/ArduinoCoreLib/Debug\libArduinoCoreLib.a(main.o)
 .data          0x00800100        0x0 ../../../Core/ArduinoCoreLib/Debug\libArduinoCoreLib.a(new.o)
 .data          0x00800100        0x0 ../../../Core/ArduinoCoreLib/Debug\libArduinoCoreLib.a(Print.o)
 .data          0x00800100        0x0 ../../../Core/ArduinoCoreLib/Debug\libArduinoCoreLib.a(wiring.o)
 .data          0x00800100        0x0 ../../../Core/ArduinoCoreLib/Debug\libArduinoCoreLib.a(wiring_analog.o)
 .data          0x00800100        0x0 ../../../Core/ArduinoCoreLib/Debug\libArduinoCoreLib.a(wiring_digital.o)
 .data          0x00800100        0x0 ../../../Core/ArduinoCoreLib/Debug\libArduinoCoreLib.a(WString.o)
 .data          0x00800100        0x0 c:/program files (x86)/atmel/atmel toolchain/avr8 gcc/native/3.4.1056/avr8-gnu-toolchain/bin/../lib/gcc/avr/4.8.1/../../../../avr/lib/avr5\libm.a(addsf3.o)
 .data          0x00800100        0x0 c:/program files (x86)/atmel/atmel toolchain/avr8 gcc/native/3.4.1056/avr8-gnu-toolchain/bin/../lib/gcc/avr/4.8.1/../../../../avr/lib/avr5\libm.a(addsf3x.o)
 .data          0x00800100        0x0 c:/program files (x86)/atmel/atmel toolchain/avr8 gcc/native/3.4.1056/avr8-gnu-toolchain/bin/../lib/gcc/avr/4.8.1/../../../../avr/lib/avr5\libm.a(cmpsf2.o)
 .data          0x00800100        0x0 c:/program files (x86)/atmel/atmel toolchain/avr8 gcc/native/3.4.1056/avr8-gnu-toolchain/bin/../lib/gcc/avr/4.8.1/../../../../avr/lib/avr5\libm.a(divsf3.o)
 .data          0x00800100        0x0 c:/program files (x86)/atmel/atmel toolchain/avr8 gcc/native/3.4.1056/avr8-gnu-toolchain/bin/../lib/gcc/avr/4.8.1/../../../../avr/lib/avr5\libm.a(divsf3x.o)
 .data          0x00800100        0x0 c:/program files (x86)/atmel/atmel toolchain/avr8 gcc/native/3.4.1056/avr8-gnu-toolchain/bin/../lib/gcc/avr/4.8.1/../../../../avr/lib/avr5\libm.a(fixsfsi.o)
 .data          0x00800100        0x0 c:/program files (x86)/atmel/atmel toolchain/avr8 gcc/native/3.4.1056/avr8-gnu-toolchain/bin/../lib/gcc/avr/4.8.1/../../../../avr/lib/avr5\libm.a(fixunssfsi.o)
 .data          0x00800100        0x0 c:/program files (x86)/atmel/atmel toolchain/avr8 gcc/native/3.4.1056/avr8-gnu-toolchain/bin/../lib/gcc/avr/4.8.1/../../../../avr/lib/avr5\libm.a(floatsisf.o)
 .data          0x00800100        0x0 c:/program files (x86)/atmel/atmel toolchain/avr8 gcc/native/3.4.1056/avr8-gnu-toolchain/bin/../lib/gcc/avr/4.8.1/../../../../avr/lib/avr5\libm.a(fp_cmp.o)
 .data          0x00800100        0x0 c:/program files (x86)/atmel/atmel toolchain/avr8 gcc/native/3.4.1056/avr8-gnu-toolchain/bin/../lib/gcc/avr/4.8.1/../../../../avr/lib/avr5\libm.a(fp_inf.o)
 .data          0x00800100        0x0 c:/program files (x86)/atmel/atmel toolchain/avr8 gcc/native/3.4.1056/avr8-gnu-toolchain/bin/../lib/gcc/avr/4.8.1/../../../../avr/lib/avr5\libm.a(fp_nan.o)
 .data          0x00800100        0x0 c:/program files (x86)/atmel/atmel toolchain/avr8 gcc/native/3.4.1056/avr8-gnu-toolchain/bin/../lib/gcc/avr/4.8.1/../../../../avr/lib/avr5\libm.a(fp_pscA.o)
 .data          0x00800100        0x0 c:/program files (x86)/atmel/atmel toolchain/avr8 gcc/native/3.4.1056/avr8-gnu-toolchain/bin/../lib/gcc/avr/4.8.1/../../../../avr/lib/avr5\libm.a(fp_pscB.o)
 .data          0x00800100        0x0 c:/program files (x86)/atmel/atmel toolchain/avr8 gcc/native/3.4.1056/avr8-gnu-toolchain/bin/../lib/gcc/avr/4.8.1/../../../../avr/lib/avr5\libm.a(fp_round.o)
 .data          0x00800100        0x0 c:/program files (x86)/atmel/atmel toolchain/avr8 gcc/native/3.4.1056/avr8-gnu-toolchain/bin/../lib/gcc/avr/4.8.1/../../../../avr/lib/avr5\libm.a(fp_split3.o)
 .data          0x00800100        0x0 c:/program files (x86)/atmel/atmel toolchain/avr8 gcc/native/3.4.1056/avr8-gnu-toolchain/bin/../lib/gcc/avr/4.8.1/../../../../avr/lib/avr5\libm.a(fp_zero.o)
 .data          0x00800100        0x0 c:/program files (x86)/atmel/atmel toolchain/avr8 gcc/native/3.4.1056/avr8-gnu-toolchain/bin/../lib/gcc/avr/4.8.1/../../../../avr/lib/avr5\libm.a(gesf2.o)
 .data          0x00800100        0x0 c:/program files (x86)/atmel/atmel toolchain/avr8 gcc/native/3.4.1056/avr8-gnu-toolchain/bin/../lib/gcc/avr/4.8.1/../../../../avr/lib/avr5\libm.a(mulsf3.o)
 .data          0x00800100        0x0 c:/program files (x86)/atmel/atmel toolchain/avr8 gcc/native/3.4.1056/avr8-gnu-toolchain/bin/../lib/gcc/avr/4.8.1/../../../../avr/lib/avr5\libm.a(mulsf3x.o)
 .data          0x00800100        0x0 c:/program files (x86)/atmel/atmel toolchain/avr8 gcc/native/3.4.1056/avr8-gnu-toolchain/bin/../lib/gcc/avr/4.8.1/../../../../avr/lib/avr5\libm.a(unordsf2.o)
 .data          0x00800100        0x0 c:/program files (x86)/atmel/atmel toolchain/avr8 gcc/native/3.4.1056/avr8-gnu-toolchain/bin/../lib/gcc/avr/4.8.1/avr5\libgcc.a(_udivmodsi4.o)
 .data          0x00800100        0x0 c:/program files (x86)/atmel/atmel toolchain/avr8 gcc/native/3.4.1056/avr8-gnu-toolchain/bin/../lib/gcc/avr/4.8.1/avr5\libgcc.a(_exit.o)
 .data          0x00800100        0x0 c:/program files (x86)/atmel/atmel toolchain/avr8 gcc/native/3.4.1056/avr8-gnu-toolchain/bin/../lib/gcc/avr/4.8.1/avr5\libgcc.a(_tablejump.o)
 .data          0x00800100        0x0 c:/program files (x86)/atmel/atmel toolchain/avr8 gcc/native/3.4.1056/avr8-gnu-toolchain/bin/../lib/gcc/avr/4.8.1/avr5\libgcc.a(_copy_data.o)
 .data          0x00800100        0x0 c:/program files (x86)/atmel/atmel toolchain/avr8 gcc/native/3.4.1056/avr8-gnu-toolchain/bin/../lib/gcc/avr/4.8.1/avr5\libgcc.a(_clear_bss.o)
 .data          0x00800100        0x0 c:/program files (x86)/atmel/atmel toolchain/avr8 gcc/native/3.4.1056/avr8-gnu-toolchain/bin/../lib/gcc/avr/4.8.1/avr5\libgcc.a(_ctors.o)
 .data          0x00800100        0x6 c:/program files (x86)/atmel/atmel toolchain/avr8 gcc/native/3.4.1056/avr8-gnu-toolchain/bin/../lib/gcc/avr/4.8.1/../../../../avr/lib/avr5\libc.a(malloc.o)
                0x00800100                __malloc_heap_end
                0x00800102                __malloc_heap_start
                0x00800104                __malloc_margin
 .data          0x00800106        0x0 c:/program files (x86)/atmel/atmel toolchain/avr8 gcc/native/3.4.1056/avr8-gnu-toolchain/bin/../lib/gcc/avr/4.8.1/../../../../avr/lib/avr5\libc.a(realloc.o)
 .data          0x00800106        0x0 c:/program files (x86)/atmel/atmel toolchain/avr8 gcc/native/3.4.1056/avr8-gnu-toolchain/bin/../lib/gcc/avr/4.8.1/../../../../avr/lib/avr5\libc.a(atol.o)
 .data          0x00800106        0x0 c:/program files (x86)/atmel/atmel toolchain/avr8 gcc/native/3.4.1056/avr8-gnu-toolchain/bin/../lib/gcc/avr/4.8.1/../../../../avr/lib/avr5\libc.a(isspace.o)
 .data          0x00800106        0x0 c:/program files (x86)/atmel/atmel toolchain/avr8 gcc/native/3.4.1056/avr8-gnu-toolchain/bin/../lib/gcc/avr/4.8.1/../../../../avr/lib/avr5\libc.a(tolower.o)
 .data          0x00800106        0x0 c:/program files (x86)/atmel/atmel toolchain/avr8 gcc/native/3.4.1056/avr8-gnu-toolchain/bin/../lib/gcc/avr/4.8.1/../../../../avr/lib/avr5\libc.a(toupper.o)
 .data          0x00800106        0x0 c:/program files (x86)/atmel/atmel toolchain/avr8 gcc/native/3.4.1056/avr8-gnu-toolchain/bin/../lib/gcc/avr/4.8.1/../../../../avr/lib/avr5\libc.a(memcpy.o)
 .data          0x00800106        0x0 c:/program files (x86)/atmel/atmel toolchain/avr8 gcc/native/3.4.1056/avr8-gnu-toolchain/bin/../lib/gcc/avr/4.8.1/../../../../avr/lib/avr5\libc.a(memmove.o)
 .data          0x00800106        0x0 c:/program files (x86)/atmel/atmel toolchain/avr8 gcc/native/3.4.1056/avr8-gnu-toolchain/bin/../lib/gcc/avr/4.8.1/../../../../avr/lib/avr5\libc.a(strchr.o)
 .data          0x00800106        0x0 c:/program files (x86)/atmel/atmel toolchain/avr8 gcc/native/3.4.1056/avr8-gnu-toolchain/bin/../lib/gcc/avr/4.8.1/../../../../avr/lib/avr5\libc.a(strcmp.o)
 .data          0x00800106        0x0 c:/program files (x86)/atmel/atmel toolchain/avr8 gcc/native/3.4.1056/avr8-gnu-toolchain/bin/../lib/gcc/avr/4.8.1/../../../../avr/lib/avr5\libc.a(strcpy.o)
 .data          0x00800106        0x0 c:/program files (x86)/atmel/atmel toolchain/avr8 gcc/native/3.4.1056/avr8-gnu-toolchain/bin/../lib/gcc/avr/4.8.1/../../../../avr/lib/avr5\libc.a(strlen.o)
 .data          0x00800106        0x0 c:/program files (x86)/atmel/atmel toolchain/avr8 gcc/native/3.4.1056/avr8-gnu-toolchain/bin/../lib/gcc/avr/4.8.1/../../../../avr/lib/avr5\libc.a(strncmp.o)
 .data          0x00800106        0x0 c:/program files (x86)/atmel/atmel toolchain/avr8 gcc/native/3.4.1056/avr8-gnu-toolchain/bin/../lib/gcc/avr/4.8.1/../../../../avr/lib/avr5\libc.a(strncpy.o)
 .data          0x00800106        0x0 c:/program files (x86)/atmel/atmel toolchain/avr8 gcc/native/3.4.1056/avr8-gnu-toolchain/bin/../lib/gcc/avr/4.8.1/../../../../avr/lib/avr5\libc.a(strrchr.o)
 .data          0x00800106        0x0 c:/program files (x86)/atmel/atmel toolchain/avr8 gcc/native/3.4.1056/avr8-gnu-toolchain/bin/../lib/gcc/avr/4.8.1/../../../../avr/lib/avr5\libc.a(strstr.o)
 .data          0x00800106        0x0 c:/program files (x86)/atmel/atmel toolchain/avr8 gcc/native/3.4.1056/avr8-gnu-toolchain/bin/../lib/gcc/avr/4.8.1/../../../../avr/lib/avr5\libc.a(itoa.o)
 .data          0x00800106        0x0 c:/program files (x86)/atmel/atmel toolchain/avr8 gcc/native/3.4.1056/avr8-gnu-toolchain/bin/../lib/gcc/avr/4.8.1/../../../../avr/lib/avr5\libc.a(itoa_ncheck.o)
 .data          0x00800106        0x0 c:/program files (x86)/atmel/atmel toolchain/avr8 gcc/native/3.4.1056/avr8-gnu-toolchain/bin/../lib/gcc/avr/4.8.1/../../../../avr/lib/avr5\libc.a(ltoa.o)
 .data          0x00800106        0x0 c:/program files (x86)/atmel/atmel toolchain/avr8 gcc/native/3.4.1056/avr8-gnu-toolchain/bin/../lib/gcc/avr/4.8.1/../../../../avr/lib/avr5\libc.a(ltoa_ncheck.o)
 .data          0x00800106        0x0 c:/program files (x86)/atmel/atmel toolchain/avr8 gcc/native/3.4.1056/avr8-gnu-toolchain/bin/../lib/gcc/avr/4.8.1/../../../../avr/lib/avr5\libc.a(mulsi10.o)
 .data          0x00800106        0x0 c:/program files (x86)/atmel/atmel toolchain/avr8 gcc/native/3.4.1056/avr8-gnu-toolchain/bin/../lib/gcc/avr/4.8.1/../../../../avr/lib/avr5\libc.a(ultoa.o)
 .data          0x00800106        0x0 c:/program files (x86)/atmel/atmel toolchain/avr8 gcc/native/3.4.1056/avr8-gnu-toolchain/bin/../lib/gcc/avr/4.8.1/../../../../avr/lib/avr5\libc.a(ultoa_ncheck.o)
 .data          0x00800106        0x0 c:/program files (x86)/atmel/atmel toolchain/avr8 gcc/native/3.4.1056/avr8-gnu-toolchain/bin/../lib/gcc/avr/4.8.1/../../../../avr/lib/avr5\libc.a(utoa.o)
 .data          0x00800106        0x0 c:/program files (x86)/atmel/atmel toolchain/avr8 gcc/native/3.4.1056/avr8-gnu-toolchain/bin/../lib/gcc/avr/4.8.1/../../../../avr/lib/avr5\libc.a(utoa_ncheck.o)
 .data          0x00800106        0x0 c:/program files (x86)/atmel/atmel toolchain/avr8 gcc/native/3.4.1056/avr8-gnu-toolchain/bin/../lib/gcc/avr/4.8.1/../../../../avr/lib/avr5\libc.a(sprintf.o)
 .data          0x00800106        0x0 c:/program files (x86)/atmel/atmel toolchain/avr8 gcc/native/3.4.1056/avr8-gnu-toolchain/bin/../lib/gcc/avr/4.8.1/../../../../avr/lib/avr5\libc.a(vfprintf_std.o)
 .data          0x00800106        0x0 c:/program files (x86)/atmel/atmel toolchain/avr8 gcc/native/3.4.1056/avr8-gnu-toolchain/bin/../lib/gcc/avr/4.8.1/../../../../avr/lib/avr5\libc.a(cty_isfalse.o)
 .data          0x00800106        0x0 c:/program files (x86)/atmel/atmel toolchain/avr8 gcc/native/3.4.1056/avr8-gnu-toolchain/bin/../lib/gcc/avr/4.8.1/../../../../avr/lib/avr5\libc.a(strnlen_P.o)
 .data          0x00800106        0x0 c:/program files (x86)/atmel/atmel toolchain/avr8 gcc/native/3.4.1056/avr8-gnu-toolchain/bin/../lib/gcc/avr/4.8.1/../../../../avr/lib/avr5\libc.a(strnlen.o)
 .data          0x00800106        0x0 c:/program files (x86)/atmel/atmel toolchain/avr8 gcc/native/3.4.1056/avr8-gnu-toolchain/bin/../lib/gcc/avr/4.8.1/../../../../avr/lib/avr5\libc.a(strrev.o)
 .data          0x00800106        0x0 c:/program files (x86)/atmel/atmel toolchain/avr8 gcc/native/3.4.1056/avr8-gnu-toolchain/bin/../lib/gcc/avr/4.8.1/../../../../avr/lib/avr5\libc.a(fputc.o)
 .data          0x00800106        0x0 c:/program files (x86)/atmel/atmel toolchain/avr8 gcc/native/3.4.1056/avr8-gnu-toolchain/bin/../lib/gcc/avr/4.8.1/../../../../avr/lib/avr5\libc.a(ultoa_invert.o)
 .data          0x00800106        0x0 c:/program files (x86)/atmel/atmel toolchain/avr8 gcc/native/3.4.1056/avr8-gnu-toolchain/bin/../lib/gcc/avr/4.8.1/avr5\libgcc.a(_prologue.o)
 .data          0x00800106        0x0 c:/program files (x86)/atmel/atmel toolchain/avr8 gcc/native/3.4.1056/avr8-gnu-toolchain/bin/../lib/gcc/avr/4.8.1/avr5\libgcc.a(_epilogue.o)
 *(.data*)
 .data.currentSpeed
                0x00800106        0x2 PWMTest.o
                0x00800106                currentSpeed
 .data.analog_reference
                0x00800108        0x1 ../../../Core/ArduinoCoreLib/Debug\libArduinoCoreLib.a(wiring_analog.o)
                0x00800108                analog_reference
 *(.rodata)
 *(.rodata*)
 .rodata.str1.1
                0x00800109       0x2b PWMTest.o
 .rodata._ZTV6Stream
                0x00800134       0x10 Wire.o
                0x00800134                _ZTV6Stream
 .rodata._ZTV7TwoWire
                0x00800144       0x10 Wire.o
                0x00800144                _ZTV7TwoWire
 .rodata._ZTV14HardwareSerial
                0x00800154       0x10 ../../../Core/ArduinoCoreLib/Debug\libArduinoCoreLib.a(HardwareSerial.o)
                0x00800154                _ZTV14HardwareSerial
 .rodata._ZTV5Print
                0x00800164        0x8 ../../../Core/ArduinoCoreLib/Debug\libArduinoCoreLib.a(Print.o)
                0x00800164                _ZTV5Print
 *(.gnu.linkonce.d*)
                0x0080016c                . = ALIGN (0x2)
                0x0080016c                _edata = .
                0x0080016c                PROVIDE (__data_end, .)

.bss            0x0080016c      0x17d
                0x0080016c                PROVIDE (__bss_start, .)
 *(.bss)
 *(.bss*)
 .bss.combo     0x0080016c        0x2 PWMTest.o
                0x0080016c                combo
 .bss.currentDir
                0x0080016e        0x2 PWMTest.o
                0x0080016e                currentDir
 .bss.currentMotor
                0x00800170        0x2 PWMTest.o
                0x00800170                currentMotor
 .bss.currentChar
                0x00800172        0x1 PWMTest.o
                0x00800172                currentChar
 .bss.Speed     0x00800173        0x2 PWMMotorControl.o
                0x00800173                Speed
 .bss.MotorId   0x00800175        0x2 PWMMotorControl.o
                0x00800175                MotorId
 .bss.Wire      0x00800177        0xc Wire.o
                0x00800177                Wire
 .bss._ZN7TwoWire12transmittingE
                0x00800183        0x1 Wire.o
                0x00800183                _ZN7TwoWire12transmittingE
 .bss._ZN7TwoWire14txBufferLengthE
                0x00800184        0x1 Wire.o
                0x00800184                _ZN7TwoWire14txBufferLengthE
 .bss._ZN7TwoWire13txBufferIndexE
                0x00800185        0x1 Wire.o
                0x00800185                _ZN7TwoWire13txBufferIndexE
 .bss._ZN7TwoWire8txBufferE
                0x00800186       0x20 Wire.o
                0x00800186                _ZN7TwoWire8txBufferE
 .bss._ZN7TwoWire14rxBufferLengthE
                0x008001a6        0x1 Wire.o
                0x008001a6                _ZN7TwoWire14rxBufferLengthE
 .bss._ZN7TwoWire13rxBufferIndexE
                0x008001a7        0x1 Wire.o
                0x008001a7                _ZN7TwoWire13rxBufferIndexE
 .bss._ZN7TwoWire8rxBufferE
                0x008001a8       0x20 Wire.o
                0x008001a8                _ZN7TwoWire8rxBufferE
 .bss.twi_error
                0x008001c8        0x1 twi.o
 .bss.twi_rxBufferIndex
                0x008001c9        0x1 twi.o
 .bss.twi_rxBuffer
                0x008001ca       0x20 twi.o
 .bss.twi_txBufferLength
                0x008001ea        0x1 twi.o
 .bss.twi_txBufferIndex
                0x008001eb        0x1 twi.o
 .bss.twi_txBuffer
                0x008001ec       0x20 twi.o
 .bss.twi_masterBufferLength
                0x0080020c        0x1 twi.o
 .bss.twi_masterBufferIndex
                0x0080020d        0x1 twi.o
 .bss.twi_masterBuffer
                0x0080020e       0x20 twi.o
 .bss.twi_onSlaveReceive
                0x0080022e        0x2 twi.o
 .bss.twi_onSlaveTransmit
                0x00800230        0x2 twi.o
 .bss.twi_inRepStart
                0x00800232        0x1 twi.o
 .bss.twi_sendStop
                0x00800233        0x1 twi.o
 .bss.twi_slarw
                0x00800234        0x1 twi.o
 .bss.twi_state
                0x00800235        0x1 twi.o
 .bss.rx_buffer
                0x00800236       0x44 ../../../Core/ArduinoCoreLib/Debug\libArduinoCoreLib.a(HardwareSerial.o)
                0x00800236                rx_buffer
 .bss.tx_buffer
                0x0080027a       0x44 ../../../Core/ArduinoCoreLib/Debug\libArduinoCoreLib.a(HardwareSerial.o)
                0x0080027a                tx_buffer
 .bss.Serial    0x008002be       0x22 ../../../Core/ArduinoCoreLib/Debug\libArduinoCoreLib.a(HardwareSerial.o)
                0x008002be                Serial
 .bss.timer0_overflow_count
                0x008002e0        0x4 ../../../Core/ArduinoCoreLib/Debug\libArduinoCoreLib.a(wiring.o)
                0x008002e0                timer0_overflow_count
 .bss.timer0_millis
                0x008002e4        0x4 ../../../Core/ArduinoCoreLib/Debug\libArduinoCoreLib.a(wiring.o)
                0x008002e4                timer0_millis
 .bss.timer0_fract
                0x008002e8        0x1 ../../../Core/ArduinoCoreLib/Debug\libArduinoCoreLib.a(wiring.o)
 *(COMMON)
                0x008002e9                PROVIDE (__bss_end, .)
                0x0000235a                __data_load_start = LOADADDR (.data)
                0x000023c6                __data_load_end = (__data_load_start + SIZEOF (.data))

.noinit         0x008002e9        0x0
                0x008002e9                PROVIDE (__noinit_start, .)
 *(.noinit*)
                0x008002e9                PROVIDE (__noinit_end, .)
                0x008002e9                _end = .
                0x008002e9                PROVIDE (__heap_start, .)

.eeprom         0x00810000        0x0
 *(.eeprom*)
                0x00810000                __eeprom_end = .

.fuse
 *(.fuse)
 *(.lfuse)
 *(.hfuse)
 *(.efuse)

.lock
 *(.lock*)

.signature
 *(.signature*)

.user_signatures
 *(.user_signatures*)

.stab
 *(.stab)

.stabstr
 *(.stabstr)

.stab.excl
 *(.stab.excl)

.stab.exclstr
 *(.stab.exclstr)

.stab.index
 *(.stab.index)

.stab.indexstr
 *(.stab.indexstr)

.comment        0x00000000       0x5c
 *(.comment)
 .comment       0x00000000       0x30 PWMTest.o
                                 0x31 (size before relaxing)
 .comment       0x00000000       0x31 PWMMotorControl.o
 .comment       0x00000000       0x31 Wire.o
 .comment       0x00000000       0x31 twi.o
 .comment       0x00000000       0x31 ../../../Core/ArduinoCoreLib/Debug\libArduinoCoreLib.a(HardwareSerial.o)
 .comment       0x00000000       0x31 ../../../Core/ArduinoCoreLib/Debug\libArduinoCoreLib.a(main.o)
 .comment       0x00000000       0x31 ../../../Core/ArduinoCoreLib/Debug\libArduinoCoreLib.a(new.o)
 .comment       0x00000000       0x31 ../../../Core/ArduinoCoreLib/Debug\libArduinoCoreLib.a(Print.o)
 .comment       0x00000000       0x31 ../../../Core/ArduinoCoreLib/Debug\libArduinoCoreLib.a(wiring.o)
 .comment       0x00000000       0x31 ../../../Core/ArduinoCoreLib/Debug\libArduinoCoreLib.a(wiring_analog.o)
 .comment       0x00000000       0x31 ../../../Core/ArduinoCoreLib/Debug\libArduinoCoreLib.a(wiring_digital.o)
 .comment       0x00000000       0x31 ../../../Core/ArduinoCoreLib/Debug\libArduinoCoreLib.a(WString.o)
 .comment       0x00000000       0x31 c:/program files (x86)/atmel/atmel toolchain/avr8 gcc/native/3.4.1056/avr8-gnu-toolchain/bin/../lib/gcc/avr/4.8.1/../../../../avr/lib/avr5\libc.a(malloc.o)
 .comment       0x00000000       0x31 c:/program files (x86)/atmel/atmel toolchain/avr8 gcc/native/3.4.1056/avr8-gnu-toolchain/bin/../lib/gcc/avr/4.8.1/../../../../avr/lib/avr5\libc.a(realloc.o)
 .comment       0x00000000       0x31 c:/program files (x86)/atmel/atmel toolchain/avr8 gcc/native/3.4.1056/avr8-gnu-toolchain/bin/../lib/gcc/avr/4.8.1/../../../../avr/lib/avr5\libc.a(sprintf.o)
 .comment       0x00000030       0x2c c:/program files (x86)/atmel/atmel toolchain/avr8 gcc/native/3.4.1056/avr8-gnu-toolchain/bin/../lib/gcc/avr/4.8.1/../../../../avr/lib/avr5\libc.a(vfprintf_std.o)
                                 0x2d (size before relaxing)
 .comment       0x00000000       0x31 c:/program files (x86)/atmel/atmel toolchain/avr8 gcc/native/3.4.1056/avr8-gnu-toolchain/bin/../lib/gcc/avr/4.8.1/../../../../avr/lib/avr5\libc.a(fputc.o)

.note.gnu.build-id
 *(.note.gnu.build-id)

.debug
 *(.debug)

.line
 *(.line)

.debug_srcinfo
 *(.debug_srcinfo)

.debug_sfnames
 *(.debug_sfnames)

.debug_aranges  0x00000000      0x1a8
 *(.debug_aranges)
 .debug_aranges
                0x00000000       0x28 PWMTest.o
 .debug_aranges
                0x00000028       0x40 PWMMotorControl.o
 .debug_aranges
                0x00000068       0xd0 Wire.o
 .debug_aranges
                0x00000138       0x70 twi.o

.debug_pubnames
 *(.debug_pubnames)

.debug_info     0x00000000     0x2e30
 *(.debug_info .gnu.linkonce.wi.*)
 .debug_info    0x00000000      0x4b8 PWMTest.o
 .debug_info    0x000004b8      0x4a5 PWMMotorControl.o
 .debug_info    0x0000095d     0x1e1a Wire.o
 .debug_info    0x00002777      0x6b9 twi.o

.debug_abbrev   0x00000000      0xadb
 *(.debug_abbrev)
 .debug_abbrev  0x00000000      0x21f PWMTest.o
 .debug_abbrev  0x0000021f      0x1b2 PWMMotorControl.o
 .debug_abbrev  0x000003d1      0x4b9 Wire.o
 .debug_abbrev  0x0000088a      0x251 twi.o

.debug_line     0x00000000      0xa95
 *(.debug_line .debug_line.* .debug_line_end)
 .debug_line    0x00000000      0x242 PWMTest.o
 .debug_line    0x00000242      0x1c1 PWMMotorControl.o
 .debug_line    0x00000403      0x3b4 Wire.o
 .debug_line    0x000007b7      0x2de twi.o

.debug_frame    0x00000000      0x3dc
 *(.debug_frame)
 .debug_frame   0x00000000       0x80 PWMTest.o
 .debug_frame   0x00000080       0x78 PWMMotorControl.o
 .debug_frame   0x000000f8      0x1d0 Wire.o
 .debug_frame   0x000002c8      0x114 twi.o

.debug_str      0x00000000     0x1523
 *(.debug_str)
 .debug_str     0x00000000      0x33e PWMTest.o
                                0x37e (size before relaxing)
 .debug_str     0x0000033e       0xbd PWMMotorControl.o
                                0x2d8 (size before relaxing)
 .debug_str     0x000003fb      0xf37 Wire.o
                               0x1196 (size before relaxing)
 .debug_str     0x00001332      0x1f1 twi.o
                                0x361 (size before relaxing)

.debug_loc      0x00000000     0x10ce
 *(.debug_loc)
 .debug_loc     0x00000000       0xe4 PWMTest.o
 .debug_loc     0x000000e4      0x1d2 PWMMotorControl.o
 .debug_loc     0x000002b6      0x875 Wire.o
 .debug_loc     0x00000b2b      0x5a3 twi.o

.debug_macinfo
 *(.debug_macinfo)

.debug_weaknames
 *(.debug_weaknames)

.debug_funcnames
 *(.debug_funcnames)

.debug_typenames
 *(.debug_typenames)

.debug_varnames
 *(.debug_varnames)

.debug_pubtypes
 *(.debug_pubtypes)

.debug_ranges   0x00000000      0x168
 *(.debug_ranges)
 .debug_ranges  0x00000000       0x18 PWMTest.o
 .debug_ranges  0x00000018       0x30 PWMMotorControl.o
 .debug_ranges  0x00000048       0xc0 Wire.o
 .debug_ranges  0x00000108       0x60 twi.o

.debug_macro
 *(.debug_macro)
OUTPUT(PWMMotorControl.elf elf32-avr)
LOAD linker stubs
